#
# There is insufficient memory for the Java Runtime Environment to continue.
# Native memory allocation (malloc) failed to allocate 1048576 bytes. Error detail: AllocateHeap
# Possible reasons:
#   The system is out of physical RAM or swap space
#   This process is running with CompressedOops enabled, and the Java Heap may be blocking the growth of the native heap
# Possible solutions:
#   Reduce memory load on the system
#   Increase physical memory or swap space
#   Check if swap backing store is full
#   Decrease Java heap size (-Xmx/-Xms)
#   Decrease number of Java threads
#   Decrease Java thread stack sizes (-Xss)
#   Set larger code cache with -XX:ReservedCodeCacheSize=
#   JVM is running with Unscaled Compressed Oops mode in which the Java heap is
#     placed in the first 4GB address space. The Java Heap base address is the
#     maximum limit for the native heap growth. Please use -XX:HeapBaseMinAddress
#     to set the Java Heap base and to place the Java Heap above 4GB virtual address.
# This output file may be truncated or incomplete.
#
#  Out of Memory Error (allocation.cpp:44), pid=17500, tid=3680
#
# JRE version: OpenJDK Runtime Environment Temurin-21.0.8+9 (21.0.8+9) (build 21.0.8+9-LTS)
# Java VM: OpenJDK 64-Bit Server VM Temurin-21.0.8+9 (21.0.8+9-LTS, mixed mode, sharing, tiered, compressed oops, compressed class ptrs, parallel gc, windows-amd64)
# No core dump will be written. Minidumps are not enabled by default on client versions of Windows
#

---------------  S U M M A R Y ------------

Command Line: --add-modules=ALL-SYSTEM --add-opens=java.base/java.util=ALL-UNNAMED --add-opens=java.base/java.lang=ALL-UNNAMED --add-opens=java.base/sun.nio.fs=ALL-UNNAMED -Declipse.application=org.eclipse.jdt.ls.core.id1 -Dosgi.bundles.defaultStartLevel=4 -Declipse.product=org.eclipse.jdt.ls.core.product -Djava.import.generatesMetadataFilesAtProjectRoot=false -DDetectVMInstallationsJob.disabled=true -Dfile.encoding=utf8 -XX:+UseParallelGC -XX:GCTimeRatio=4 -XX:AdaptiveSizePolicyWeight=90 -Dsun.zip.disableMemoryMapping=true -Xmx2G -Xms100m -Xlog:disable -javaagent:c:\Users\SMM\.vscode\extensions\redhat.java-1.47.0-win32-x64\lombok\lombok-1.18.39-4050.jar -XX:+HeapDumpOnOutOfMemoryError -XX:HeapDumpPath=c:\Users\SMM\AppData\Roaming\Code\User\workspaceStorage\79043d16884e3c0920b2f1fb95569d65\redhat.java -Daether.dependencyCollector.impl=bf c:\Users\SMM\.vscode\extensions\redhat.java-1.47.0-win32-x64\server\plugins\org.eclipse.equinox.launcher_1.7.100.v20251014-1222.jar -configuration c:\Users\SMM\AppData\Roaming\Code\User\globalStorage\redhat.java\1.47.0\config_win -data c:\Users\SMM\AppData\Roaming\Code\User\workspaceStorage\79043d16884e3c0920b2f1fb95569d65\redhat.java\jdt_ws --pipe=\\.\pipe\lsp-74eb2d44c96a8634ee68c3d88cd93f5d-sock

Host: Intel(R) Core(TM) i5-8365U CPU @ 1.60GHz, 8 cores, 7G,  Windows 11 , 64 bit Build 26100 (10.0.26100.6725)
Time: Mon Nov 10 19:30:23 2025 Sri Lanka Standard Time elapsed time: 5292.196407 seconds (0d 1h 28m 12s)

---------------  T H R E A D  ---------------

Current thread (0x0000021d08a245f0):  JavaThread "Attach Listener" daemon [_thread_in_vm, id=3680, stack(0x0000009e18100000,0x0000009e18200000) (1024K)]

Stack: [0x0000009e18100000,0x0000009e18200000]
Native frames: (J=compiled Java code, j=interpreted, Vv=VM code, C=native code)
V  [jvm.dll+0x6d2449]
V  [jvm.dll+0x8ae341]
V  [jvm.dll+0x8b08be]
V  [jvm.dll+0x8b0fa3]
V  [jvm.dll+0x280c96]
V  [jvm.dll+0xc0347]
V  [jvm.dll+0x6d2cf9]
V  [jvm.dll+0x131116]
V  [jvm.dll+0x3f2d16]
V  [jvm.dll+0x857e6b]
V  [jvm.dll+0x6d0b0d]
C  [ucrtbase.dll+0x37b0]
C  [KERNEL32.DLL+0x2e8d7]
C  [ntdll.dll+0x8c53c]


---------------  P R O C E S S  ---------------

Threads class SMR info:
_java_thread_list=0x0000021d6a95d8b0, length=34, elements={
0x0000021d067d9890, 0x0000021d08a1b1b0, 0x0000021d08a20e50, 0x0000021d08a239a0,
0x0000021d08a245f0, 0x0000021d08a27f10, 0x0000021d08a291a0, 0x0000021d08a2c1b0,
0x0000021d66046a00, 0x0000021d660cbc30, 0x0000021d6635d710, 0x0000021d66b5aa80,
0x0000021d66b02240, 0x0000021d66b01520, 0x0000021d66b028d0, 0x0000021d66b01bb0,
0x0000021d66b03c80, 0x0000021d66b02f60, 0x0000021d66b035f0, 0x0000021d66b00800,
0x0000021d67b7ee90, 0x0000021d67b81c80, 0x0000021d67b7f520, 0x0000021d67b83030,
0x0000021d67b7fbb0, 0x0000021d67b815f0, 0x0000021d67b829a0, 0x0000021d67b836c0,
0x0000021d67b80240, 0x0000021d67b83d50, 0x0000021d67b808d0, 0x0000021d67b80f60,
0x0000021d67b85e20, 0x0000021d67b84a70
}

Java Threads: ( => current thread )
  0x0000021d067d9890 JavaThread "main"                              [_thread_blocked, id=16336, stack(0x0000009e17a00000,0x0000009e17b00000) (1024K)]
  0x0000021d08a1b1b0 JavaThread "Reference Handler"          daemon [_thread_blocked, id=16520, stack(0x0000009e17e00000,0x0000009e17f00000) (1024K)]
  0x0000021d08a20e50 JavaThread "Finalizer"                  daemon [_thread_blocked, id=5140, stack(0x0000009e17f00000,0x0000009e18000000) (1024K)]
  0x0000021d08a239a0 JavaThread "Signal Dispatcher"          daemon [_thread_blocked, id=13472, stack(0x0000009e18000000,0x0000009e18100000) (1024K)]
=>0x0000021d08a245f0 JavaThread "Attach Listener"            daemon [_thread_in_vm, id=3680, stack(0x0000009e18100000,0x0000009e18200000) (1024K)]
  0x0000021d08a27f10 JavaThread "Service Thread"             daemon [_thread_blocked, id=11304, stack(0x0000009e18200000,0x0000009e18300000) (1024K)]
  0x0000021d08a291a0 JavaThread "Monitor Deflation Thread"   daemon [_thread_blocked, id=9280, stack(0x0000009e18300000,0x0000009e18400000) (1024K)]
  0x0000021d08a2c1b0 JavaThread "C2 CompilerThread0"         daemon [_thread_blocked, id=13360, stack(0x0000009e18400000,0x0000009e18500000) (1024K)]
  0x0000021d66046a00 JavaThread "C1 CompilerThread0"         daemon [_thread_blocked, id=10056, stack(0x0000009e18500000,0x0000009e18600000) (1024K)]
  0x0000021d660cbc30 JavaThread "Common-Cleaner"             daemon [_thread_blocked, id=14960, stack(0x0000009e18600000,0x0000009e18700000) (1024K)]
  0x0000021d6635d710 JavaThread "Notification Thread"        daemon [_thread_blocked, id=384, stack(0x0000009e18700000,0x0000009e18800000) (1024K)]
  0x0000021d66b5aa80 JavaThread "Active Thread: Equinox Container: 68976d70-45eb-43ba-9306-3466285e47d3"        [_thread_blocked, id=18792, stack(0x0000009e18e00000,0x0000009e18f00000) (1024K)]
  0x0000021d66b02240 JavaThread "Refresh Thread: Equinox Container: 68976d70-45eb-43ba-9306-3466285e47d3" daemon [_thread_blocked, id=18244, stack(0x0000009e18f00000,0x0000009e19000000) (1024K)]
  0x0000021d66b01520 JavaThread "Framework Event Dispatcher: Equinox Container: 68976d70-45eb-43ba-9306-3466285e47d3" daemon [_thread_blocked, id=18240, stack(0x0000009e19100000,0x0000009e19200000) (1024K)]
  0x0000021d66b028d0 JavaThread "Start Level: Equinox Container: 68976d70-45eb-43ba-9306-3466285e47d3" daemon [_thread_blocked, id=3868, stack(0x0000009e19200000,0x0000009e19300000) (1024K)]
  0x0000021d66b01bb0 JavaThread "Bundle File Closer"         daemon [_thread_blocked, id=15660, stack(0x0000009e19500000,0x0000009e19600000) (1024K)]
  0x0000021d66b03c80 JavaThread "SCR Component Actor"        daemon [_thread_blocked, id=2116, stack(0x0000009e19300000,0x0000009e19400000) (1024K)]
  0x0000021d66b02f60 JavaThread "Worker-JM"                         [_thread_blocked, id=18596, stack(0x0000009e19400000,0x0000009e19500000) (1024K)]
  0x0000021d66b035f0 JavaThread "JNA Cleaner"                daemon [_thread_blocked, id=13696, stack(0x0000009e19600000,0x0000009e19700000) (1024K)]
  0x0000021d66b00800 JavaThread "Worker-0"                          [_thread_blocked, id=11028, stack(0x0000009e19700000,0x0000009e19800000) (1024K)]
  0x0000021d67b7ee90 JavaThread "Java indexing"              daemon [_thread_blocked, id=8424, stack(0x0000009e19b00000,0x0000009e19c00000) (1024K)]
  0x0000021d67b81c80 JavaThread "Worker-3"                          [_thread_blocked, id=9716, stack(0x0000009e19e00000,0x0000009e19f00000) (1024K)]
  0x0000021d67b7f520 JavaThread "Thread-1"                   daemon [_thread_in_native, id=18620, stack(0x0000009e1a000000,0x0000009e1a100000) (1024K)]
  0x0000021d67b83030 JavaThread "Thread-2"                   daemon [_thread_in_native, id=5564, stack(0x0000009e1a100000,0x0000009e1a200000) (1024K)]
  0x0000021d67b7fbb0 JavaThread "Thread-3"                   daemon [_thread_in_native, id=10700, stack(0x0000009e1a200000,0x0000009e1a300000) (1024K)]
  0x0000021d67b815f0 JavaThread "Thread-4"                   daemon [_thread_in_native, id=3272, stack(0x0000009e1a300000,0x0000009e1a400000) (1024K)]
  0x0000021d67b829a0 JavaThread "Thread-5"                   daemon [_thread_in_native, id=14588, stack(0x0000009e1a400000,0x0000009e1a500000) (1024K)]
  0x0000021d67b836c0 JavaThread "Thread-6"                   daemon [_thread_in_native, id=7572, stack(0x0000009e1a500000,0x0000009e1a600000) (1024K)]
  0x0000021d67b80240 JavaThread "Thread-7"                   daemon [_thread_in_native, id=18344, stack(0x0000009e1a600000,0x0000009e1a700000) (1024K)]
  0x0000021d67b83d50 JavaThread "Thread-8"                   daemon [_thread_in_native, id=10520, stack(0x0000009e1a700000,0x0000009e1a800000) (1024K)]
  0x0000021d67b808d0 JavaThread "Thread-9"                   daemon [_thread_in_native, id=5332, stack(0x0000009e1a800000,0x0000009e1a900000) (1024K)]
  0x0000021d67b80f60 JavaThread "pool-2-thread-1"                   [_thread_blocked, id=18920, stack(0x0000009e1aa00000,0x0000009e1ab00000) (1024K)]
  0x0000021d67b85e20 JavaThread "WorkspaceEventsHandler"            [_thread_blocked, id=18236, stack(0x0000009e1ab00000,0x0000009e1ac00000) (1024K)]
  0x0000021d67b84a70 JavaThread "pool-1-thread-1"                   [_thread_blocked, id=6356, stack(0x0000009e1ac00000,0x0000009e1ad00000) (1024K)]
Total: 34

Other Threads:
  0x0000021d08a00d20 VMThread "VM Thread"                           [id=14560, stack(0x0000009e17d00000,0x0000009e17e00000) (1024K)]
  0x0000021d0893cb20 WatcherThread "VM Periodic Task Thread"        [id=8280, stack(0x0000009e17c00000,0x0000009e17d00000) (1024K)]
  0x0000021d08acc270 WorkerThread "GC Thread#0"                     [id=14284, stack(0x0000009e17b00000,0x0000009e17c00000) (1024K)]
  0x0000021d66995e90 WorkerThread "GC Thread#1"                     [id=16492, stack(0x0000009e18800000,0x0000009e18900000) (1024K)]
  0x0000021d66a0f400 WorkerThread "GC Thread#2"                     [id=19388, stack(0x0000009e18900000,0x0000009e18a00000) (1024K)]
  0x0000021d66464b80 WorkerThread "GC Thread#3"                     [id=3608, stack(0x0000009e18a00000,0x0000009e18b00000) (1024K)]
  0x0000021d66464f20 WorkerThread "GC Thread#4"                     [id=4280, stack(0x0000009e18b00000,0x0000009e18c00000) (1024K)]
  0x0000021d6637ec10 WorkerThread "GC Thread#5"                     [id=18880, stack(0x0000009e18c00000,0x0000009e18d00000) (1024K)]
  0x0000021d6637efb0 WorkerThread "GC Thread#6"                     [id=3660, stack(0x0000009e18d00000,0x0000009e18e00000) (1024K)]
  0x0000021d66d06f40 WorkerThread "GC Thread#7"                     [id=5356, stack(0x0000009e19000000,0x0000009e19100000) (1024K)]
Total: 10

Threads with active compile tasks:
Total: 0

VM state: not at safepoint (normal execution)

VM Mutex/Monitor currently owned by a thread: None

Heap address: 0x0000000080000000, size: 2048 MB, Compressed Oops mode: 32-bit

CDS archive(s) mapped at: [0x0000021d20000000-0x0000021d20ba0000-0x0000021d20ba0000), size 12189696, SharedBaseAddress: 0x0000021d20000000, ArchiveRelocationMode: 1.
Compressed class space mapped at: 0x0000021d21000000-0x0000021d61000000, reserved size: 1073741824
Narrow klass base: 0x0000021d20000000, Narrow klass shift: 0, Narrow klass range: 0x100000000

GC Precious Log:
 CardTable entry size: 512
 CPUs: 8 total, 8 available
 Memory: 7998M
 Large Page Support: Disabled
 NUMA Support: Disabled
 Compressed Oops: Enabled (32-bit)
 Alignments: Space 512K, Generation 512K, Heap 2M
 Heap Min Capacity: 100M
 Heap Initial Capacity: 100M
 Heap Max Capacity: 2G
 Pre-touch: Disabled
 Parallel Workers: 8

Heap:
 PSYoungGen      total 3584K, used 1678K [0x00000000d5580000, 0x00000000d6100000, 0x0000000100000000)
  eden space 3072K, 49% used [0x00000000d5580000,0x00000000d56fb9f8,0x00000000d5880000)
  from space 512K, 31% used [0x00000000d6080000,0x00000000d60a8000,0x00000000d6100000)
  to   space 512K, 0% used [0x00000000d6000000,0x00000000d6000000,0x00000000d6080000)
 ParOldGen       total 238080K, used 237925K [0x0000000080000000, 0x000000008e880000, 0x00000000d5580000)
  object space 238080K, 99% used [0x0000000080000000,0x000000008e859490,0x000000008e880000)
 Metaspace       used 70382K, committed 72064K, reserved 1114112K
  class space    used 7297K, committed 8000K, reserved 1048576K

Card table byte_map: [0x0000021d08450000,0x0000021d08860000] _byte_map_base: 0x0000021d08050000

Marking Bits: (ParMarkBitMap*) 0x00007ffeaabda340
 Begin Bits: [0x0000021d1af50000, 0x0000021d1cf50000)
 End Bits:   [0x0000021d1cf50000, 0x0000021d1ef50000)

Polling page: 0x0000021d06940000

Metaspace:

Usage:
  Non-class:     61.61 MB used.
      Class:      7.13 MB used.
       Both:     68.73 MB used.

Virtual space:
  Non-class space:       64.00 MB reserved,      62.56 MB ( 98%) committed,  1 nodes.
      Class space:        1.00 GB reserved,       7.81 MB ( <1%) committed,  1 nodes.
             Both:        1.06 GB reserved,      70.38 MB (  6%) committed. 

Chunk freelists:
   Non-Class:  1.30 MB
       Class:  8.19 MB
        Both:  9.49 MB

MaxMetaspaceSize: unlimited
CompressedClassSpaceSize: 1.00 GB
Initial GC threshold: 21.00 MB
Current GC threshold: 98.12 MB
CDS: on
 - commit_granule_bytes: 65536.
 - commit_granule_words: 8192.
 - virtual_space_node_default_size: 8388608.
 - enlarge_chunks_in_place: 1.
 - use_allocation_guard: 0.


Internal statistics:

num_allocs_failed_limit: 15.
num_arena_births: 1410.
num_arena_deaths: 14.
num_vsnodes_births: 2.
num_vsnodes_deaths: 0.
num_space_committed: 1126.
num_space_uncommitted: 0.
num_chunks_returned_to_freelist: 29.
num_chunks_taken_from_freelist: 4867.
num_chunk_merges: 18.
num_chunk_splits: 2951.
num_chunks_enlarged: 1608.
num_inconsistent_stats: 0.

CodeHeap 'non-profiled nmethods': size=120000Kb used=13304Kb max_used=13304Kb free=106695Kb
 bounds [0x0000021d13770000, 0x0000021d14470000, 0x0000021d1aca0000]
CodeHeap 'profiled nmethods': size=120000Kb used=35177Kb max_used=35177Kb free=84822Kb
 bounds [0x0000021d0bca0000, 0x0000021d0df00000, 0x0000021d131d0000]
CodeHeap 'non-nmethods': size=5760Kb used=1443Kb max_used=1601Kb free=4316Kb
 bounds [0x0000021d131d0000, 0x0000021d13440000, 0x0000021d13770000]
CodeCache: size=245760Kb, used=49924Kb, max_used=50082Kb, free=195833Kb
 total_blobs=15119, nmethods=14367, adapters=655, full_count=0
Compilation: enabled, stopped_count=0, restarted_count=0

Compilation events (20 events):
Event: 3861.423 Thread 0x0000021d66046a00 15187       1       com.sun.jna.internal.Cleaner::access$200 (5 bytes)
Event: 3861.437 Thread 0x0000021d66046a00 nmethod 15187 0x0000021d1446d610 code [0x0000021d1446d7a0, 0x0000021d1446d850]
Event: 3912.174 Thread 0x0000021d66046a00 15188       3       sun.security.provider.DigestBase::engineUpdate (32 bytes)
Event: 3912.183 Thread 0x0000021d66046a00 nmethod 15188 0x0000021d0def7490 code [0x0000021d0def7640, 0x0000021d0def78a8]
Event: 3912.207 Thread 0x0000021d08a2c1b0 15189   !   4       org.eclipse.jdt.ls.core.internal.CancellableProgressMonitor::isCanceled (33 bytes)
Event: 3912.214 Thread 0x0000021d66046a00 15190       3       org.eclipse.core.internal.resources.MarkerAttributeMap::shareStrings (92 bytes)
Event: 3912.262 Thread 0x0000021d66046a00 nmethod 15190 0x0000021d0def7990 code [0x0000021d0def7c20, 0x0000021d0def8ad0]
Event: 3912.263 Thread 0x0000021d08a2c1b0 nmethod 15189 0x0000021d1446d910 code [0x0000021d1446dac0, 0x0000021d1446dc18]
Event: 4152.672 Thread 0x0000021d66046a00 15191       3       java.lang.ProcessHandleImpl::get (51 bytes)
Event: 4152.692 Thread 0x0000021d66046a00 nmethod 15191 0x0000021d0def8e10 code [0x0000021d0def9020, 0x0000021d0def9628]
Event: 4152.692 Thread 0x0000021d66046a00 15192       3       java.lang.ProcessHandleImpl::<init> (15 bytes)
Event: 4152.692 Thread 0x0000021d66046a00 nmethod 15192 0x0000021d0def9890 code [0x0000021d0def9a40, 0x0000021d0def9bb0]
Event: 4152.692 Thread 0x0000021d66046a00 15193       3       java.lang.ProcessHandleImpl::isAlive (44 bytes)
Event: 4152.692 Thread 0x0000021d66046a00 nmethod 15193 0x0000021d0def9c90 code [0x0000021d0def9e40, 0x0000021d0defa0a0]
Event: 4812.313 Thread 0x0000021d66046a00 15194       3       org.eclipse.core.internal.resources.MarkerInfo::shareStrings (21 bytes)
Event: 4812.329 Thread 0x0000021d66046a00 nmethod 15194 0x0000021d0defa190 code [0x0000021d0defa360, 0x0000021d0defa540]
Event: 5047.057 Thread 0x0000021d08a2c1b0 15195       4       java.util.concurrent.locks.LockSupport::setBlocker (12 bytes)
Event: 5047.072 Thread 0x0000021d08a2c1b0 nmethod 15195 0x0000021d1446dd90 code [0x0000021d1446df00, 0x0000021d1446df88]
Event: 5083.418 Thread 0x0000021d08a2c1b0 15196       4       java.util.concurrent.locks.AbstractQueuedSynchronizer$Node::setStatusRelaxed (12 bytes)
Event: 5083.422 Thread 0x0000021d08a2c1b0 nmethod 15196 0x0000021d1446e090 code [0x0000021d1446e220, 0x0000021d1446e2b0]

GC Heap History (20 events):
Event: 664.140 GC heap before
{Heap before GC invocations=270 (full 3):
 PSYoungGen      total 17408K, used 17376K [0x00000000d5580000, 0x00000000d7180000, 0x0000000100000000)
  eden space 9728K, 100% used [0x00000000d5580000,0x00000000d5f00000,0x00000000d5f00000)
  from space 7680K, 99% used [0x00000000d6a00000,0x00000000d7178000,0x00000000d7180000)
  to   space 8704K, 0% used [0x00000000d6080000,0x00000000d6080000,0x00000000d6900000)
 ParOldGen       total 211456K, used 210965K [0x0000000080000000, 0x000000008ce80000, 0x00000000d5580000)
  object space 211456K, 99% used [0x0000000080000000,0x000000008ce05490,0x000000008ce80000)
 Metaspace       used 70278K, committed 71936K, reserved 1114112K
  class space    used 7295K, committed 8000K, reserved 1048576K
}
Event: 664.155 GC heap after
{Heap after GC invocations=270 (full 3):
 PSYoungGen      total 17408K, used 7552K [0x00000000d5580000, 0x00000000d6f00000, 0x0000000100000000)
  eden space 9728K, 0% used [0x00000000d5580000,0x00000000d5580000,0x00000000d5f00000)
  from space 7680K, 98% used [0x00000000d6080000,0x00000000d67e0000,0x00000000d6800000)
  to   space 7168K, 0% used [0x00000000d6800000,0x00000000d6800000,0x00000000d6f00000)
 ParOldGen       total 218624K, used 218541K [0x0000000080000000, 0x000000008d580000, 0x00000000d5580000)
  object space 218624K, 99% used [0x0000000080000000,0x000000008d56b490,0x000000008d580000)
 Metaspace       used 70278K, committed 71936K, reserved 1114112K
  class space    used 7295K, committed 8000K, reserved 1048576K
}
Event: 664.211 GC heap before
{Heap before GC invocations=271 (full 3):
 PSYoungGen      total 17408K, used 17280K [0x00000000d5580000, 0x00000000d6f00000, 0x0000000100000000)
  eden space 9728K, 100% used [0x00000000d5580000,0x00000000d5f00000,0x00000000d5f00000)
  from space 7680K, 98% used [0x00000000d6080000,0x00000000d67e0000,0x00000000d6800000)
  to   space 7168K, 0% used [0x00000000d6800000,0x00000000d6800000,0x00000000d6f00000)
 ParOldGen       total 218624K, used 218541K [0x0000000080000000, 0x000000008d580000, 0x00000000d5580000)
  object space 218624K, 99% used [0x0000000080000000,0x000000008d56b490,0x000000008d580000)
 Metaspace       used 70278K, committed 71936K, reserved 1114112K
  class space    used 7295K, committed 8000K, reserved 1048576K
}
Event: 664.227 GC heap after
{Heap after GC invocations=271 (full 3):
 PSYoungGen      total 9728K, used 7168K [0x00000000d5580000, 0x00000000d7f00000, 0x0000000100000000)
  eden space 2560K, 0% used [0x00000000d5580000,0x00000000d5580000,0x00000000d5800000)
  from space 7168K, 100% used [0x00000000d6800000,0x00000000d6f00000,0x00000000d6f00000)
  to   space 16384K, 0% used [0x00000000d5800000,0x00000000d5800000,0x00000000d6800000)
 ParOldGen       total 226304K, used 226301K [0x0000000080000000, 0x000000008dd00000, 0x00000000d5580000)
  object space 226304K, 99% used [0x0000000080000000,0x000000008dcff490,0x000000008dd00000)
 Metaspace       used 70278K, committed 71936K, reserved 1114112K
  class space    used 7295K, committed 8000K, reserved 1048576K
}
Event: 664.243 GC heap before
{Heap before GC invocations=272 (full 3):
 PSYoungGen      total 9728K, used 9728K [0x00000000d5580000, 0x00000000d7f00000, 0x0000000100000000)
  eden space 2560K, 100% used [0x00000000d5580000,0x00000000d5800000,0x00000000d5800000)
  from space 7168K, 100% used [0x00000000d6800000,0x00000000d6f00000,0x00000000d6f00000)
  to   space 16384K, 0% used [0x00000000d5800000,0x00000000d5800000,0x00000000d6800000)
 ParOldGen       total 226304K, used 226301K [0x0000000080000000, 0x000000008dd00000, 0x00000000d5580000)
  object space 226304K, 99% used [0x0000000080000000,0x000000008dcff490,0x000000008dd00000)
 Metaspace       used 70278K, committed 71936K, reserved 1114112K
  class space    used 7295K, committed 8000K, reserved 1048576K
}
Event: 664.257 GC heap after
{Heap after GC invocations=272 (full 3):
 PSYoungGen      total 5120K, used 2080K [0x00000000d5580000, 0x00000000d6880000, 0x0000000100000000)
  eden space 2560K, 0% used [0x00000000d5580000,0x00000000d5580000,0x00000000d5800000)
  from space 2560K, 81% used [0x00000000d5800000,0x00000000d5a08000,0x00000000d5a80000)
  to   space 7168K, 0% used [0x00000000d6180000,0x00000000d6180000,0x00000000d6880000)
 ParOldGen       total 233472K, used 233453K [0x0000000080000000, 0x000000008e400000, 0x00000000d5580000)
  object space 233472K, 99% used [0x0000000080000000,0x000000008e3fb490,0x000000008e400000)
 Metaspace       used 70278K, committed 71936K, reserved 1114112K
  class space    used 7295K, committed 8000K, reserved 1048576K
}
Event: 664.275 GC heap before
{Heap before GC invocations=273 (full 3):
 PSYoungGen      total 5120K, used 4640K [0x00000000d5580000, 0x00000000d6880000, 0x0000000100000000)
  eden space 2560K, 100% used [0x00000000d5580000,0x00000000d5800000,0x00000000d5800000)
  from space 2560K, 81% used [0x00000000d5800000,0x00000000d5a08000,0x00000000d5a80000)
  to   space 7168K, 0% used [0x00000000d6180000,0x00000000d6180000,0x00000000d6880000)
 ParOldGen       total 233472K, used 233453K [0x0000000080000000, 0x000000008e400000, 0x00000000d5580000)
  object space 233472K, 99% used [0x0000000080000000,0x000000008e3fb490,0x000000008e400000)
 Metaspace       used 70278K, committed 71936K, reserved 1114112K
  class space    used 7295K, committed 8000K, reserved 1048576K
}
Event: 664.282 GC heap after
{Heap after GC invocations=273 (full 3):
 PSYoungGen      total 5632K, used 2112K [0x00000000d5580000, 0x00000000d6400000, 0x0000000100000000)
  eden space 3072K, 0% used [0x00000000d5580000,0x00000000d5580000,0x00000000d5880000)
  from space 2560K, 82% used [0x00000000d6180000,0x00000000d6390000,0x00000000d6400000)
  to   space 3072K, 0% used [0x00000000d5e00000,0x00000000d5e00000,0x00000000d6100000)
 ParOldGen       total 235520K, used 235429K [0x0000000080000000, 0x000000008e600000, 0x00000000d5580000)
  object space 235520K, 99% used [0x0000000080000000,0x000000008e5e9490,0x000000008e600000)
 Metaspace       used 70278K, committed 71936K, reserved 1114112K
  class space    used 7295K, committed 8000K, reserved 1048576K
}
Event: 1211.538 GC heap before
{Heap before GC invocations=274 (full 3):
 PSYoungGen      total 5632K, used 5184K [0x00000000d5580000, 0x00000000d6400000, 0x0000000100000000)
  eden space 3072K, 100% used [0x00000000d5580000,0x00000000d5880000,0x00000000d5880000)
  from space 2560K, 82% used [0x00000000d6180000,0x00000000d6390000,0x00000000d6400000)
  to   space 3072K, 0% used [0x00000000d5e00000,0x00000000d5e00000,0x00000000d6100000)
 ParOldGen       total 235520K, used 235429K [0x0000000080000000, 0x000000008e600000, 0x00000000d5580000)
  object space 235520K, 99% used [0x0000000080000000,0x000000008e5e9490,0x000000008e600000)
 Metaspace       used 70300K, committed 71936K, reserved 1114112K
  class space    used 7295K, committed 8000K, reserved 1048576K
}
Event: 1211.773 GC heap after
{Heap after GC invocations=274 (full 3):
 PSYoungGen      total 4096K, used 608K [0x00000000d5580000, 0x00000000d6200000, 0x0000000100000000)
  eden space 3072K, 0% used [0x00000000d5580000,0x00000000d5580000,0x00000000d5880000)
  from space 1024K, 59% used [0x00000000d5e00000,0x00000000d5e98000,0x00000000d5f00000)
  to   space 1536K, 0% used [0x00000000d6080000,0x00000000d6080000,0x00000000d6200000)
 ParOldGen       total 237568K, used 237397K [0x0000000080000000, 0x000000008e800000, 0x00000000d5580000)
  object space 237568K, 99% used [0x0000000080000000,0x000000008e7d5490,0x000000008e800000)
 Metaspace       used 70300K, committed 71936K, reserved 1114112K
  class space    used 7295K, committed 8000K, reserved 1048576K
}
Event: 1676.373 GC heap before
{Heap before GC invocations=275 (full 3):
 PSYoungGen      total 4096K, used 3680K [0x00000000d5580000, 0x00000000d6200000, 0x0000000100000000)
  eden space 3072K, 100% used [0x00000000d5580000,0x00000000d5880000,0x00000000d5880000)
  from space 1024K, 59% used [0x00000000d5e00000,0x00000000d5e98000,0x00000000d5f00000)
  to   space 1536K, 0% used [0x00000000d6080000,0x00000000d6080000,0x00000000d6200000)
 ParOldGen       total 237568K, used 237397K [0x0000000080000000, 0x000000008e800000, 0x00000000d5580000)
  object space 237568K, 99% used [0x0000000080000000,0x000000008e7d5490,0x000000008e800000)
 Metaspace       used 70313K, committed 71936K, reserved 1114112K
  class space    used 7295K, committed 8000K, reserved 1048576K
}
Event: 1676.488 GC heap after
{Heap after GC invocations=275 (full 3):
 PSYoungGen      total 3584K, used 224K [0x00000000d5580000, 0x00000000d6100000, 0x0000000100000000)
  eden space 3072K, 0% used [0x00000000d5580000,0x00000000d5580000,0x00000000d5880000)
  from space 512K, 43% used [0x00000000d6080000,0x00000000d60b8000,0x00000000d6100000)
  to   space 512K, 0% used [0x00000000d6000000,0x00000000d6000000,0x00000000d6080000)
 ParOldGen       total 238080K, used 237845K [0x0000000080000000, 0x000000008e880000, 0x00000000d5580000)
  object space 238080K, 99% used [0x0000000080000000,0x000000008e845490,0x000000008e880000)
 Metaspace       used 70313K, committed 71936K, reserved 1114112K
  class space    used 7295K, committed 8000K, reserved 1048576K
}
Event: 1821.507 GC heap before
{Heap before GC invocations=276 (full 3):
 PSYoungGen      total 3584K, used 3296K [0x00000000d5580000, 0x00000000d6100000, 0x0000000100000000)
  eden space 3072K, 100% used [0x00000000d5580000,0x00000000d5880000,0x00000000d5880000)
  from space 512K, 43% used [0x00000000d6080000,0x00000000d60b8000,0x00000000d6100000)
  to   space 512K, 0% used [0x00000000d6000000,0x00000000d6000000,0x00000000d6080000)
 ParOldGen       total 238080K, used 237845K [0x0000000080000000, 0x000000008e880000, 0x00000000d5580000)
  object space 238080K, 99% used [0x0000000080000000,0x000000008e845490,0x000000008e880000)
 Metaspace       used 70341K, committed 72000K, reserved 1114112K
  class space    used 7295K, committed 8000K, reserved 1048576K
}
Event: 1821.555 GC heap after
{Heap after GC invocations=276 (full 3):
 PSYoungGen      total 3584K, used 192K [0x00000000d5580000, 0x00000000d6100000, 0x0000000100000000)
  eden space 3072K, 0% used [0x00000000d5580000,0x00000000d5580000,0x00000000d5880000)
  from space 512K, 37% used [0x00000000d6000000,0x00000000d6030000,0x00000000d6080000)
  to   space 512K, 0% used [0x00000000d6080000,0x00000000d6080000,0x00000000d6100000)
 ParOldGen       total 238080K, used 237861K [0x0000000080000000, 0x000000008e880000, 0x00000000d5580000)
  object space 238080K, 99% used [0x0000000080000000,0x000000008e849490,0x000000008e880000)
 Metaspace       used 70341K, committed 72000K, reserved 1114112K
  class space    used 7295K, committed 8000K, reserved 1048576K
}
Event: 2352.645 GC heap before
{Heap before GC invocations=277 (full 3):
 PSYoungGen      total 3584K, used 3264K [0x00000000d5580000, 0x00000000d6100000, 0x0000000100000000)
  eden space 3072K, 100% used [0x00000000d5580000,0x00000000d5880000,0x00000000d5880000)
  from space 512K, 37% used [0x00000000d6000000,0x00000000d6030000,0x00000000d6080000)
  to   space 512K, 0% used [0x00000000d6080000,0x00000000d6080000,0x00000000d6100000)
 ParOldGen       total 238080K, used 237861K [0x0000000080000000, 0x000000008e880000, 0x00000000d5580000)
  object space 238080K, 99% used [0x0000000080000000,0x000000008e849490,0x000000008e880000)
 Metaspace       used 70345K, committed 72000K, reserved 1114112K
  class space    used 7295K, committed 8000K, reserved 1048576K
}
Event: 2352.789 GC heap after
{Heap after GC invocations=277 (full 3):
 PSYoungGen      total 3584K, used 192K [0x00000000d5580000, 0x00000000d6100000, 0x0000000100000000)
  eden space 3072K, 0% used [0x00000000d5580000,0x00000000d5580000,0x00000000d5880000)
  from space 512K, 37% used [0x00000000d6080000,0x00000000d60b0000,0x00000000d6100000)
  to   space 512K, 0% used [0x00000000d6000000,0x00000000d6000000,0x00000000d6080000)
 ParOldGen       total 238080K, used 237885K [0x0000000080000000, 0x000000008e880000, 0x00000000d5580000)
  object space 238080K, 99% used [0x0000000080000000,0x000000008e84f490,0x000000008e880000)
 Metaspace       used 70345K, committed 72000K, reserved 1114112K
  class space    used 7295K, committed 8000K, reserved 1048576K
}
Event: 2587.686 GC heap before
{Heap before GC invocations=278 (full 3):
 PSYoungGen      total 3584K, used 3264K [0x00000000d5580000, 0x00000000d6100000, 0x0000000100000000)
  eden space 3072K, 100% used [0x00000000d5580000,0x00000000d5880000,0x00000000d5880000)
  from space 512K, 37% used [0x00000000d6080000,0x00000000d60b0000,0x00000000d6100000)
  to   space 512K, 0% used [0x00000000d6000000,0x00000000d6000000,0x00000000d6080000)
 ParOldGen       total 238080K, used 237885K [0x0000000080000000, 0x000000008e880000, 0x00000000d5580000)
  object space 238080K, 99% used [0x0000000080000000,0x000000008e84f490,0x000000008e880000)
 Metaspace       used 70361K, committed 72000K, reserved 1114112K
  class space    used 7297K, committed 8000K, reserved 1048576K
}
Event: 2587.701 GC heap after
{Heap after GC invocations=278 (full 3):
 PSYoungGen      total 3584K, used 192K [0x00000000d5580000, 0x00000000d6100000, 0x0000000100000000)
  eden space 3072K, 0% used [0x00000000d5580000,0x00000000d5580000,0x00000000d5880000)
  from space 512K, 37% used [0x00000000d6000000,0x00000000d6030000,0x00000000d6080000)
  to   space 512K, 0% used [0x00000000d6080000,0x00000000d6080000,0x00000000d6100000)
 ParOldGen       total 238080K, used 237909K [0x0000000080000000, 0x000000008e880000, 0x00000000d5580000)
  object space 238080K, 99% used [0x0000000080000000,0x000000008e855490,0x000000008e880000)
 Metaspace       used 70361K, committed 72000K, reserved 1114112K
  class space    used 7297K, committed 8000K, reserved 1048576K
}
Event: 2862.025 GC heap before
{Heap before GC invocations=279 (full 3):
 PSYoungGen      total 3584K, used 3263K [0x00000000d5580000, 0x00000000d6100000, 0x0000000100000000)
  eden space 3072K, 99% used [0x00000000d5580000,0x00000000d587ffb8,0x00000000d5880000)
  from space 512K, 37% used [0x00000000d6000000,0x00000000d6030000,0x00000000d6080000)
  to   space 512K, 0% used [0x00000000d6080000,0x00000000d6080000,0x00000000d6100000)
 ParOldGen       total 238080K, used 237909K [0x0000000080000000, 0x000000008e880000, 0x00000000d5580000)
  object space 238080K, 99% used [0x0000000080000000,0x000000008e855490,0x000000008e880000)
 Metaspace       used 70378K, committed 72064K, reserved 1114112K
  class space    used 7297K, committed 8000K, reserved 1048576K
}
Event: 2862.119 GC heap after
{Heap after GC invocations=279 (full 3):
 PSYoungGen      total 3584K, used 160K [0x00000000d5580000, 0x00000000d6100000, 0x0000000100000000)
  eden space 3072K, 0% used [0x00000000d5580000,0x00000000d5580000,0x00000000d5880000)
  from space 512K, 31% used [0x00000000d6080000,0x00000000d60a8000,0x00000000d6100000)
  to   space 512K, 0% used [0x00000000d6000000,0x00000000d6000000,0x00000000d6080000)
 ParOldGen       total 238080K, used 237925K [0x0000000080000000, 0x000000008e880000, 0x00000000d5580000)
  object space 238080K, 99% used [0x0000000080000000,0x000000008e859490,0x000000008e880000)
 Metaspace       used 70378K, committed 72064K, reserved 1114112K
  class space    used 7297K, committed 8000K, reserved 1048576K
}

Dll operation events (11 events):
Event: 0.042 Loaded shared library c:\Users\SMM\.vscode\extensions\redhat.java-1.47.0-win32-x64\jre\21.0.8-win32-x86_64\bin\java.dll
Event: 0.509 Loaded shared library c:\Users\SMM\.vscode\extensions\redhat.java-1.47.0-win32-x64\jre\21.0.8-win32-x86_64\bin\zip.dll
Event: 0.694 Loaded shared library C:\Users\SMM\.vscode\extensions\redhat.java-1.47.0-win32-x64\jre\21.0.8-win32-x86_64\bin\instrument.dll
Event: 0.708 Loaded shared library C:\Users\SMM\.vscode\extensions\redhat.java-1.47.0-win32-x64\jre\21.0.8-win32-x86_64\bin\net.dll
Event: 0.719 Loaded shared library C:\Users\SMM\.vscode\extensions\redhat.java-1.47.0-win32-x64\jre\21.0.8-win32-x86_64\bin\nio.dll
Event: 0.744 Loaded shared library C:\Users\SMM\.vscode\extensions\redhat.java-1.47.0-win32-x64\jre\21.0.8-win32-x86_64\bin\zip.dll
Event: 0.834 Loaded shared library C:\Users\SMM\.vscode\extensions\redhat.java-1.47.0-win32-x64\jre\21.0.8-win32-x86_64\bin\jimage.dll
Event: 1.253 Loaded shared library c:\Users\SMM\.vscode\extensions\redhat.java-1.47.0-win32-x64\jre\21.0.8-win32-x86_64\bin\verify.dll
Event: 5.862 Loaded shared library C:\Users\SMM\AppData\Roaming\Code\User\globalStorage\redhat.java\1.47.0\config_win\org.eclipse.equinox.launcher\org.eclipse.equinox.launcher.win32.win32.x86_64_1.2.1400.v20250801-0854\eclipse_11916.dll
Event: 10.783 Loaded shared library C:\Users\SMM\AppData\Local\Temp\jna-82227\jna4005564041403572076.dll
Event: 662.286 Loaded shared library C:\Users\SMM\.vscode\extensions\redhat.java-1.47.0-win32-x64\jre\21.0.8-win32-x86_64\bin\sunmscapi.dll

Deoptimization events (20 events):
Event: 663.275 Thread 0x0000021d6b7d0740 Uncommon trap: trap_request=0xffffffc6 fr.pc=0x0000021d13b0a038 relative=0x00000000000004b8
Event: 663.275 Thread 0x0000021d6b7d0740 Uncommon trap: reason=bimorphic_or_optimized_type_check action=maybe_recompile pc=0x0000021d13b0a038 method=java.util.regex.Pattern$SliceU.match(Ljava/util/regex/Matcher;ILjava/lang/CharSequence;)Z @ 95 c2
Event: 663.275 Thread 0x0000021d6b7d0740 DEOPT PACKING pc=0x0000021d13b0a038 sp=0x0000009e198fe330
Event: 663.275 Thread 0x0000021d6b7d0740 DEOPT UNPACKING pc=0x0000021d13223aa2 sp=0x0000009e198fe2b8 mode 2
Event: 663.592 Thread 0x0000021d6b7d0740 Uncommon trap: trap_request=0xffffffbe fr.pc=0x0000021d13c128ac relative=0x000000000000146c
Event: 663.592 Thread 0x0000021d6b7d0740 Uncommon trap: reason=profile_predicate action=maybe_recompile pc=0x0000021d13c128ac method=java.util.zip.InflaterInputStream.read([BII)I @ 37 c2
Event: 663.592 Thread 0x0000021d6b7d0740 DEOPT PACKING pc=0x0000021d13c128ac sp=0x0000009e198ff340
Event: 663.593 Thread 0x0000021d6b7d0740 DEOPT UNPACKING pc=0x0000021d13223aa2 sp=0x0000009e198ff390 mode 2
Event: 663.593 Thread 0x0000021d6b7d0740 Uncommon trap: trap_request=0xffffffbe fr.pc=0x0000021d13c128ac relative=0x000000000000146c
Event: 663.593 Thread 0x0000021d6b7d0740 Uncommon trap: reason=profile_predicate action=maybe_recompile pc=0x0000021d13c128ac method=java.util.zip.InflaterInputStream.read([BII)I @ 37 c2
Event: 663.593 Thread 0x0000021d6b7d0740 DEOPT PACKING pc=0x0000021d13c128ac sp=0x0000009e198ff340
Event: 663.593 Thread 0x0000021d6b7d0740 DEOPT UNPACKING pc=0x0000021d13223aa2 sp=0x0000009e198ff390 mode 2
Event: 663.593 Thread 0x0000021d6b7d0740 Uncommon trap: trap_request=0xffffffbe fr.pc=0x0000021d13c128ac relative=0x000000000000146c
Event: 663.593 Thread 0x0000021d6b7d0740 Uncommon trap: reason=profile_predicate action=maybe_recompile pc=0x0000021d13c128ac method=java.util.zip.InflaterInputStream.read([BII)I @ 37 c2
Event: 663.593 Thread 0x0000021d6b7d0740 DEOPT PACKING pc=0x0000021d13c128ac sp=0x0000009e198ff340
Event: 663.593 Thread 0x0000021d6b7d0740 DEOPT UNPACKING pc=0x0000021d13223aa2 sp=0x0000009e198ff390 mode 2
Event: 663.593 Thread 0x0000021d6b7d0740 Uncommon trap: trap_request=0xffffffbe fr.pc=0x0000021d13c128ac relative=0x000000000000146c
Event: 663.593 Thread 0x0000021d6b7d0740 Uncommon trap: reason=profile_predicate action=maybe_recompile pc=0x0000021d13c128ac method=java.util.zip.InflaterInputStream.read([BII)I @ 37 c2
Event: 663.593 Thread 0x0000021d6b7d0740 DEOPT PACKING pc=0x0000021d13c128ac sp=0x0000009e198ff340
Event: 663.593 Thread 0x0000021d6b7d0740 DEOPT UNPACKING pc=0x0000021d13223aa2 sp=0x0000009e198ff390 mode 2

Classes loaded (20 events):
Event: 663.477 Loading class com/sun/crypto/provider/SymmetricCipher done
Event: 663.477 Loading class com/sun/crypto/provider/AESCrypt done
Event: 663.477 Loading class com/sun/crypto/provider/ElectronicCodeBook
Event: 663.483 Loading class com/sun/crypto/provider/FeedbackCipher
Event: 663.485 Loading class com/sun/crypto/provider/FeedbackCipher done
Event: 663.485 Loading class com/sun/crypto/provider/ElectronicCodeBook done
Event: 663.485 Loading class com/sun/crypto/provider/PKCS5Padding
Event: 663.486 Loading class com/sun/crypto/provider/Padding
Event: 663.487 Loading class com/sun/crypto/provider/Padding done
Event: 663.487 Loading class com/sun/crypto/provider/PKCS5Padding done
Event: 663.487 Loading class com/sun/crypto/provider/CipherBlockChaining
Event: 663.489 Loading class com/sun/crypto/provider/CipherBlockChaining done
Event: 663.497 Loading class javax/crypto/NullCipher
Event: 663.497 Loading class javax/crypto/NullCipher done
Event: 663.501 Loading class sun/security/util/ArrayUtil
Event: 663.505 Loading class sun/security/util/ArrayUtil done
Event: 663.588 Loading class java/util/zip/CheckedInputStream
Event: 663.591 Loading class java/util/zip/CheckedInputStream done
Event: 663.762 Loading class java/util/zip/GZIPInputStream$1
Event: 663.764 Loading class java/util/zip/GZIPInputStream$1 done

Classes unloaded (7 events):
Event: 13.312 Thread 0x0000021d08a00d20 Unloading class 0x0000021d211a8c00 'java/lang/invoke/LambdaForm$MH+0x0000021d211a8c00'
Event: 13.312 Thread 0x0000021d08a00d20 Unloading class 0x0000021d211a8800 'java/lang/invoke/LambdaForm$MH+0x0000021d211a8800'
Event: 13.312 Thread 0x0000021d08a00d20 Unloading class 0x0000021d211a8400 'java/lang/invoke/LambdaForm$MH+0x0000021d211a8400'
Event: 13.312 Thread 0x0000021d08a00d20 Unloading class 0x0000021d211a8000 'java/lang/invoke/LambdaForm$MH+0x0000021d211a8000'
Event: 13.312 Thread 0x0000021d08a00d20 Unloading class 0x0000021d211a7c00 'java/lang/invoke/LambdaForm$BMH+0x0000021d211a7c00'
Event: 13.312 Thread 0x0000021d08a00d20 Unloading class 0x0000021d211a7800 'java/lang/invoke/LambdaForm$DMH+0x0000021d211a7800'
Event: 13.312 Thread 0x0000021d08a00d20 Unloading class 0x0000021d211a6400 'java/lang/invoke/LambdaForm$DMH+0x0000021d211a6400'

Classes redefined (0 events):
No events

Internal exceptions (20 events):
Event: 112.414 Thread 0x0000021d76e24c80 Exception <a 'sun/nio/fs/WindowsException'{0x00000000d5774598}> (0x00000000d5774598) 
thrown [s\src\hotspot\share\prims\jni.cpp, line 520]
Event: 112.416 Thread 0x0000021d76e273e0 Exception <a 'sun/nio/fs/WindowsException'{0x00000000d578c020}> (0x00000000d578c020) 
thrown [s\src\hotspot\share\prims\jni.cpp, line 520]
Event: 112.424 Thread 0x0000021d76e28100 Exception <a 'sun/nio/fs/WindowsException'{0x00000000d57a2678}> (0x00000000d57a2678) 
thrown [s\src\hotspot\share\prims\jni.cpp, line 520]
Event: 112.433 Thread 0x0000021d67b7e800 Exception <a 'sun/nio/fs/WindowsException'{0x00000000d574be98}> (0x00000000d574be98) 
thrown [s\src\hotspot\share\prims\jni.cpp, line 520]
Event: 112.434 Thread 0x0000021d76e21170 Exception <a 'sun/nio/fs/WindowsException'{0x00000000d575e858}> (0x00000000d575e858) 
thrown [s\src\hotspot\share\prims\jni.cpp, line 520]
Event: 112.435 Thread 0x0000021d76e28100 Exception <a 'sun/nio/fs/WindowsException'{0x00000000d57a38a8}> (0x00000000d57a38a8) 
thrown [s\src\hotspot\share\prims\jni.cpp, line 520]
Event: 112.449 Thread 0x0000021d67b7e800 Exception <a 'java/lang/NoSuchMethodError'{0x00000000d57c4828}: 'java.lang.Object java.lang.invoke.DirectMethodHandle$Holder.newInvokeSpecial(java.lang.Object, java.lang.Object, int, java.lang.Object, java.lang.Object)'> (0x00000000d57c4828) 
thrown [s\src\hotspot\share\interpreter\linkResolver.cpp, line 773]
Event: 112.457 Thread 0x0000021d67b7e800 Exception <a 'java/lang/NoSuchMethodError'{0x00000000d57dc278}: 'java.lang.Object java.lang.invoke.DirectMethodHandle$Holder.invokeSpecial(java.lang.Object, java.lang.Object, java.lang.Object, int, java.lang.Object, java.lang.Object, java.lang.Object)'> (0x00000000d57dc278) 
thrown [s\src\hotspot\share\interpreter\linkResolver.cpp, line 773]
Event: 114.223 Thread 0x0000021d69e32c40 Exception <a 'java/lang/NoSuchMethodError'{0x00000000d56886f8}: 'java.lang.Object java.lang.invoke.DirectMethodHandle$Holder.invokeStatic(java.lang.Object, java.lang.Object, int, int, java.lang.Object)'> (0x00000000d56886f8) 
thrown [s\src\hotspot\share\interpreter\linkResolver.cpp, line 773]
Event: 114.224 Thread 0x0000021d69e32c40 Exception <a 'java/lang/NoSuchMethodError'{0x00000000d568f4f8}: 'java.lang.Object java.lang.invoke.DirectMethodHandle$Holder.newInvokeSpecial(java.lang.Object, java.lang.Object, int, int, java.lang.Object)'> (0x00000000d568f4f8) 
thrown [s\src\hotspot\share\interpreter\linkResolver.cpp, line 773]
Event: 114.239 Thread 0x0000021d6b7d0dd0 Exception <a 'java/lang/NoSuchMethodError'{0x00000000d5746ba0}: 'void java.lang.invoke.DirectMethodHandle$Holder.invokeStatic(java.lang.Object, int, java.lang.Object)'> (0x00000000d5746ba0) 
thrown [s\src\hotspot\share\interpreter\linkResolver.cpp, line 773]
Event: 114.818 Thread 0x0000021d69e32c40 Exception <a 'sun/nio/fs/WindowsException'{0x00000000d5c31e98}> (0x00000000d5c31e98) 
thrown [s\src\hotspot\share\prims\jni.cpp, line 520]
Event: 114.819 Thread 0x0000021d69e32c40 Exception <a 'sun/nio/fs/WindowsException'{0x00000000d5c324b0}> (0x00000000d5c324b0) 
thrown [s\src\hotspot\share\prims\jni.cpp, line 520]
Event: 114.821 Thread 0x0000021d67b82310 Implicit null exception at 0x0000021d14290052 to 0x0000021d14290824
Event: 115.216 Thread 0x0000021d69e32c40 Implicit null exception at 0x0000021d14282a2c to 0x0000021d14282d97
Event: 347.848 Thread 0x0000021d67b81c80 Exception <a 'sun/nio/fs/WindowsException'{0x00000000d58dda78}> (0x00000000d58dda78) 
thrown [s\src\hotspot\share\prims\jni.cpp, line 520]
Event: 347.849 Thread 0x0000021d67b81c80 Exception <a 'sun/nio/fs/WindowsException'{0x00000000d58de358}> (0x00000000d58de358) 
thrown [s\src\hotspot\share\prims\jni.cpp, line 520]
Event: 347.852 Thread 0x0000021d67b81c80 Implicit null exception at 0x0000021d141f6d94 to 0x0000021d141f7040
Event: 347.937 Thread 0x0000021d67b81c80 Exception <a 'java/lang/NoSuchMethodError'{0x00000000d5966140}: static [J.<clinit>()V> (0x00000000d5966140) 
thrown [s\src\hotspot\share\prims\jni.cpp, line 1111]
Event: 662.781 Thread 0x0000021d6b7d0740 Exception <a 'sun/nio/fs/WindowsException'{0x00000000d55d7050}> (0x00000000d55d7050) 
thrown [s\src\hotspot\share\prims\jni.cpp, line 520]

ZGC Phase Switch (0 events):
No events

VM Operations (20 events):
Event: 4390.796 Executing VM operation: HandshakeAllThreads (HandshakeForDeflation)
Event: 4390.797 Executing VM operation: HandshakeAllThreads (HandshakeForDeflation) done
Event: 4390.797 Executing VM operation: RendezvousGCThreads
Event: 4390.797 Executing VM operation: RendezvousGCThreads done
Event: 4511.185 Executing VM operation: HandshakeAllThreads (HandshakeForDeflation)
Event: 4511.188 Executing VM operation: HandshakeAllThreads (HandshakeForDeflation) done
Event: 4511.188 Executing VM operation: RendezvousGCThreads
Event: 4511.188 Executing VM operation: RendezvousGCThreads done
Event: 4571.215 Executing VM operation: HandshakeAllThreads (HandshakeForDeflation)
Event: 4571.215 Executing VM operation: HandshakeAllThreads (HandshakeForDeflation) done
Event: 4571.216 Executing VM operation: RendezvousGCThreads
Event: 4571.216 Executing VM operation: RendezvousGCThreads done
Event: 4932.118 Executing VM operation: HandshakeAllThreads (HandshakeForDeflation)
Event: 4932.122 Executing VM operation: HandshakeAllThreads (HandshakeForDeflation) done
Event: 4932.122 Executing VM operation: RendezvousGCThreads
Event: 4932.122 Executing VM operation: RendezvousGCThreads done
Event: 4992.309 Executing VM operation: HandshakeAllThreads (HandshakeForDeflation)
Event: 4992.309 Executing VM operation: HandshakeAllThreads (HandshakeForDeflation) done
Event: 4992.309 Executing VM operation: RendezvousGCThreads
Event: 4992.309 Executing VM operation: RendezvousGCThreads done

Memory protections (0 events):
No events

Nmethod flushes (20 events):
Event: 57.592 Thread 0x0000021d08a00d20 flushing  nmethod 0x0000021d0c5ac990
Event: 57.592 Thread 0x0000021d08a00d20 flushing osr nmethod 0x0000021d0c5b1b90
Event: 57.592 Thread 0x0000021d08a00d20 flushing  nmethod 0x0000021d0c5ba910
Event: 57.592 Thread 0x0000021d08a00d20 flushing  nmethod 0x0000021d0c5cc110
Event: 57.592 Thread 0x0000021d08a00d20 flushing  nmethod 0x0000021d0c5cc690
Event: 57.592 Thread 0x0000021d08a00d20 flushing  nmethod 0x0000021d0c5ccb10
Event: 57.592 Thread 0x0000021d08a00d20 flushing  nmethod 0x0000021d0c5cd090
Event: 57.592 Thread 0x0000021d08a00d20 flushing  nmethod 0x0000021d0c5ce290
Event: 57.592 Thread 0x0000021d08a00d20 flushing  nmethod 0x0000021d0c5ce890
Event: 57.592 Thread 0x0000021d08a00d20 flushing  nmethod 0x0000021d0c5cf110
Event: 57.592 Thread 0x0000021d08a00d20 flushing  nmethod 0x0000021d0c5cf810
Event: 57.592 Thread 0x0000021d08a00d20 flushing  nmethod 0x0000021d0c5cfd10
Event: 57.592 Thread 0x0000021d08a00d20 flushing  nmethod 0x0000021d0c5d0590
Event: 57.592 Thread 0x0000021d08a00d20 flushing  nmethod 0x0000021d0c5d1090
Event: 57.592 Thread 0x0000021d08a00d20 flushing  nmethod 0x0000021d0c5d1b10
Event: 57.592 Thread 0x0000021d08a00d20 flushing  nmethod 0x0000021d0c5d6710
Event: 57.592 Thread 0x0000021d08a00d20 flushing  nmethod 0x0000021d0c61a890
Event: 57.592 Thread 0x0000021d08a00d20 flushing  nmethod 0x0000021d0c627b10
Event: 57.592 Thread 0x0000021d08a00d20 flushing  nmethod 0x0000021d0c62a710
Event: 57.592 Thread 0x0000021d08a00d20 flushing  nmethod 0x0000021d0c62d490

Events (20 events):
Event: 413.283 Thread 0x0000021d6b7cf390 Thread exited: 0x0000021d6b7cf390
Event: 414.486 Thread 0x0000021d6b7ce670 Thread exited: 0x0000021d6b7ce670
Event: 414.548 Thread 0x0000021d6b7d1460 Thread exited: 0x0000021d6b7d1460
Event: 414.548 Thread 0x0000021d6b7d2810 Thread exited: 0x0000021d6b7d2810
Event: 414.563 Thread 0x0000021d6b7cd950 Thread exited: 0x0000021d6b7cd950
Event: 414.563 Thread 0x0000021d6b7ced00 Thread exited: 0x0000021d6b7ced00
Event: 414.656 Thread 0x0000021d76e26030 Thread exited: 0x0000021d76e26030
Event: 414.797 Thread 0x0000021d6b7d2ea0 Thread exited: 0x0000021d6b7d2ea0
Event: 461.477 Thread 0x0000021d67b85790 Thread exited: 0x0000021d67b85790
Event: 472.486 Thread 0x0000021d76e273e0 Thread exited: 0x0000021d76e273e0
Event: 521.491 Thread 0x0000021d69e2d060 Thread exited: 0x0000021d69e2d060
Event: 532.498 Thread 0x0000021d76e21e90 Thread exited: 0x0000021d76e21e90
Event: 582.010 Thread 0x0000021d69e2e410 Thread exited: 0x0000021d69e2e410
Event: 592.502 Thread 0x0000021d76e24c80 Thread exited: 0x0000021d76e24c80
Event: 659.510 Thread 0x0000021d67b84a70 Thread added: 0x0000021d6b7cd950
Event: 660.745 Thread 0x0000021d6b7cd950 Thread added: 0x0000021d6b7d0740
Event: 663.600 Thread 0x0000021d66046a00 Thread added: 0x0000021d6614ac30
Event: 664.289 Thread 0x0000021d6b7d0740 Thread exited: 0x0000021d6b7d0740
Event: 669.416 Thread 0x0000021d6614ac30 Thread exited: 0x0000021d6614ac30
Event: 720.922 Thread 0x0000021d6b7cd950 Thread exited: 0x0000021d6b7cd950


Dynamic libraries:
0x00007ff678420000 - 0x00007ff67842e000 	c:\Users\SMM\.vscode\extensions\redhat.java-1.47.0-win32-x64\jre\21.0.8-win32-x86_64\bin\java.exe
0x00007fff4af80000 - 0x00007fff4b1e8000 	C:\WINDOWS\SYSTEM32\ntdll.dll
0x00007fff49f70000 - 0x00007fff4a039000 	C:\WINDOWS\System32\KERNEL32.DLL
0x00007fff48110000 - 0x00007fff48502000 	C:\WINDOWS\System32\KERNELBASE.dll
0x00007fff48c00000 - 0x00007fff48d4b000 	C:\WINDOWS\System32\ucrtbase.dll
0x00007fff26b00000 - 0x00007fff26b18000 	c:\Users\SMM\.vscode\extensions\redhat.java-1.47.0-win32-x64\jre\21.0.8-win32-x86_64\bin\jli.dll
0x00007fff49290000 - 0x00007fff49455000 	C:\WINDOWS\System32\USER32.dll
0x00007fff487b0000 - 0x00007fff487d7000 	C:\WINDOWS\System32\win32u.dll
0x00007fff49480000 - 0x00007fff494ab000 	C:\WINDOWS\System32\GDI32.dll
0x00007fff48680000 - 0x00007fff487ad000 	C:\WINDOWS\System32\gdi32full.dll
0x00007fff48b50000 - 0x00007fff48bf3000 	C:\WINDOWS\System32\msvcp_win.dll
0x00007fff262e0000 - 0x00007fff262fe000 	c:\Users\SMM\.vscode\extensions\redhat.java-1.47.0-win32-x64\jre\21.0.8-win32-x86_64\bin\VCRUNTIME140.dll
0x00007fff2e240000 - 0x00007fff2e4d3000 	C:\WINDOWS\WinSxS\amd64_microsoft.windows.common-controls_6595b64144ccf1df_6.0.26100.6899_none_3e0efeeae32e88c1\COMCTL32.dll
0x00007fff4ada0000 - 0x00007fff4ae49000 	C:\WINDOWS\System32\msvcrt.dll
0x00007fff4ae50000 - 0x00007fff4ae7f000 	C:\WINDOWS\System32\IMM32.DLL
0x00007fff43630000 - 0x00007fff4363c000 	c:\Users\SMM\.vscode\extensions\redhat.java-1.47.0-win32-x64\jre\21.0.8-win32-x86_64\bin\vcruntime140_1.dll
0x00007ffec4900000 - 0x00007ffec498d000 	c:\Users\SMM\.vscode\extensions\redhat.java-1.47.0-win32-x64\jre\21.0.8-win32-x86_64\bin\msvcp140.dll
0x00007ffea9f20000 - 0x00007ffeaacb7000 	c:\Users\SMM\.vscode\extensions\redhat.java-1.47.0-win32-x64\jre\21.0.8-win32-x86_64\bin\server\jvm.dll
0x00007fff4a4f0000 - 0x00007fff4a5a4000 	C:\WINDOWS\System32\ADVAPI32.dll
0x00007fff4ae90000 - 0x00007fff4af36000 	C:\WINDOWS\System32\sechost.dll
0x00007fff49530000 - 0x00007fff49648000 	C:\WINDOWS\System32\RPCRT4.dll
0x00007fff4ab60000 - 0x00007fff4abd4000 	C:\WINDOWS\System32\WS2_32.dll
0x00007fff47f70000 - 0x00007fff47fce000 	C:\WINDOWS\SYSTEM32\POWRPROF.dll
0x00007fff41bc0000 - 0x00007fff41bcb000 	C:\WINDOWS\SYSTEM32\VERSION.dll
0x00007fff33b50000 - 0x00007fff33b85000 	C:\WINDOWS\SYSTEM32\WINMM.dll
0x00007fff47f50000 - 0x00007fff47f64000 	C:\WINDOWS\SYSTEM32\UMPDC.dll
0x00007fff46ea0000 - 0x00007fff46ebb000 	C:\WINDOWS\SYSTEM32\kernel.appcore.dll
0x00007fff434c0000 - 0x00007fff434ca000 	c:\Users\SMM\.vscode\extensions\redhat.java-1.47.0-win32-x64\jre\21.0.8-win32-x86_64\bin\jimage.dll
0x00007fff315d0000 - 0x00007fff31812000 	C:\WINDOWS\SYSTEM32\DBGHELP.DLL
0x00007fff48f10000 - 0x00007fff4928b000 	C:\WINDOWS\System32\combase.dll
0x00007fff49650000 - 0x00007fff49727000 	C:\WINDOWS\System32\OLEAUT32.dll
0x00007fff2db00000 - 0x00007fff2db3c000 	C:\WINDOWS\SYSTEM32\dbgcore.DLL
0x00007fff48870000 - 0x00007fff48908000 	C:\WINDOWS\System32\bcryptPrimitives.dll
0x00007fff26870000 - 0x00007fff2687f000 	c:\Users\SMM\.vscode\extensions\redhat.java-1.47.0-win32-x64\jre\21.0.8-win32-x86_64\bin\instrument.dll
0x00007fff26200000 - 0x00007fff2621f000 	c:\Users\SMM\.vscode\extensions\redhat.java-1.47.0-win32-x64\jre\21.0.8-win32-x86_64\bin\java.dll
0x00007fff497c0000 - 0x00007fff49f0d000 	C:\WINDOWS\System32\SHELL32.dll
0x00007fff48510000 - 0x00007fff4867b000 	C:\WINDOWS\System32\wintypes.dll
0x00007fff45d40000 - 0x00007fff4659d000 	C:\WINDOWS\SYSTEM32\windows.storage.dll
0x00007fff4aca0000 - 0x00007fff4ad92000 	C:\WINDOWS\System32\SHCORE.dll
0x00007fff4ac30000 - 0x00007fff4ac92000 	C:\WINDOWS\System32\shlwapi.dll
0x00007fff48030000 - 0x00007fff48059000 	C:\WINDOWS\SYSTEM32\profapi.dll
0x00007fff32c50000 - 0x00007fff32c68000 	c:\Users\SMM\.vscode\extensions\redhat.java-1.47.0-win32-x64\jre\21.0.8-win32-x86_64\bin\zip.dll
0x00007fff266e0000 - 0x00007fff266f0000 	C:\Users\SMM\.vscode\extensions\redhat.java-1.47.0-win32-x64\jre\21.0.8-win32-x86_64\bin\net.dll
0x00007fff41610000 - 0x00007fff4172f000 	C:\WINDOWS\SYSTEM32\WINHTTP.dll
0x00007fff473f0000 - 0x00007fff4745b000 	C:\WINDOWS\system32\mswsock.dll
0x00007fff266c0000 - 0x00007fff266d6000 	C:\Users\SMM\.vscode\extensions\redhat.java-1.47.0-win32-x64\jre\21.0.8-win32-x86_64\bin\nio.dll
0x00007fff262d0000 - 0x00007fff262e0000 	c:\Users\SMM\.vscode\extensions\redhat.java-1.47.0-win32-x64\jre\21.0.8-win32-x86_64\bin\verify.dll
0x00007fff15d60000 - 0x00007fff15da4000 	C:\Users\SMM\AppData\Roaming\Code\User\globalStorage\redhat.java\1.47.0\config_win\org.eclipse.equinox.launcher\org.eclipse.equinox.launcher.win32.win32.x86_64_1.2.1400.v20250801-0854\eclipse_11916.dll
0x00007fff4a7e0000 - 0x00007fff4a978000 	C:\WINDOWS\System32\ole32.dll
0x00007fff477d0000 - 0x00007fff477eb000 	C:\WINDOWS\SYSTEM32\CRYPTSP.dll
0x00007fff46e00000 - 0x00007fff46e3b000 	C:\WINDOWS\system32\rsaenh.dll
0x00007fff47490000 - 0x00007fff474bb000 	C:\WINDOWS\SYSTEM32\USERENV.dll
0x00007fff48000000 - 0x00007fff48026000 	C:\WINDOWS\SYSTEM32\bcrypt.dll
0x00007fff47630000 - 0x00007fff4763c000 	C:\WINDOWS\SYSTEM32\CRYPTBASE.dll
0x00007fff468a0000 - 0x00007fff468d4000 	C:\WINDOWS\SYSTEM32\IPHLPAPI.DLL
0x00007fff497b0000 - 0x00007fff497ba000 	C:\WINDOWS\System32\NSI.dll
0x00007fff15ce0000 - 0x00007fff15d29000 	C:\Users\SMM\AppData\Local\Temp\jna-82227\jna4005564041403572076.dll
0x00007fff49470000 - 0x00007fff49478000 	C:\WINDOWS\System32\PSAPI.DLL
0x00007fff415e0000 - 0x00007fff415fe000 	C:\WINDOWS\SYSTEM32\dhcpcsvc6.DLL
0x00007fff415b0000 - 0x00007fff415d3000 	C:\WINDOWS\SYSTEM32\dhcpcsvc.DLL
0x00007fff25970000 - 0x00007fff2597e000 	C:\Users\SMM\.vscode\extensions\redhat.java-1.47.0-win32-x64\jre\21.0.8-win32-x86_64\bin\sunmscapi.dll
0x00007fff489d0000 - 0x00007fff48b47000 	C:\WINDOWS\System32\CRYPT32.dll
0x00007fff47920000 - 0x00007fff47950000 	C:\WINDOWS\SYSTEM32\ncrypt.dll
0x00007fff478d0000 - 0x00007fff4790f000 	C:\WINDOWS\SYSTEM32\NTASN1.dll

JVMTI agents:
c:\Users\SMM\.vscode\extensions\redhat.java-1.47.0-win32-x64\lombok\lombok-1.18.39-4050.jar path:c:\Users\SMM\.vscode\extensions\redhat.java-1.47.0-win32-x64\jre\21.0.8-win32-x86_64\bin\instrument.dll, loaded, initialized, instrumentlib options:none

dbghelp: loaded successfully - version: 4.0.5 - missing functions: none
symbol engine: initialized successfully - sym options: 0x614 - pdb path: .;c:\Users\SMM\.vscode\extensions\redhat.java-1.47.0-win32-x64\jre\21.0.8-win32-x86_64\bin;C:\WINDOWS\SYSTEM32;C:\WINDOWS\WinSxS\amd64_microsoft.windows.common-controls_6595b64144ccf1df_6.0.26100.6899_none_3e0efeeae32e88c1;c:\Users\SMM\.vscode\extensions\redhat.java-1.47.0-win32-x64\jre\21.0.8-win32-x86_64\bin\server;C:\Users\SMM\AppData\Roaming\Code\User\globalStorage\redhat.java\1.47.0\config_win\org.eclipse.equinox.launcher\org.eclipse.equinox.launcher.win32.win32.x86_64_1.2.1400.v20250801-0854;C:\Users\SMM\AppData\Local\Temp\jna-82227

VM Arguments:
jvm_args: --add-modules=ALL-SYSTEM --add-opens=java.base/java.util=ALL-UNNAMED --add-opens=java.base/java.lang=ALL-UNNAMED --add-opens=java.base/sun.nio.fs=ALL-UNNAMED -Declipse.application=org.eclipse.jdt.ls.core.id1 -Dosgi.bundles.defaultStartLevel=4 -Declipse.product=org.eclipse.jdt.ls.core.product -Djava.import.generatesMetadataFilesAtProjectRoot=false -DDetectVMInstallationsJob.disabled=true -Dfile.encoding=utf8 -XX:+UseParallelGC -XX:GCTimeRatio=4 -XX:AdaptiveSizePolicyWeight=90 -Dsun.zip.disableMemoryMapping=true -Xmx2G -Xms100m -Xlog:disable -javaagent:c:\Users\SMM\.vscode\extensions\redhat.java-1.47.0-win32-x64\lombok\lombok-1.18.39-4050.jar -XX:+HeapDumpOnOutOfMemoryError -XX:HeapDumpPath=c:\Users\SMM\AppData\Roaming\Code\User\workspaceStorage\79043d16884e3c0920b2f1fb95569d65\redhat.java -Daether.dependencyCollector.impl=bf 
java_command: c:\Users\SMM\.vscode\extensions\redhat.java-1.47.0-win32-x64\server\plugins\org.eclipse.equinox.launcher_1.7.100.v20251014-1222.jar -configuration c:\Users\SMM\AppData\Roaming\Code\User\globalStorage\redhat.java\1.47.0\config_win -data c:\Users\SMM\AppData\Roaming\Code\User\workspaceStorage\79043d16884e3c0920b2f1fb95569d65\redhat.java\jdt_ws --pipe=\\.\pipe\lsp-74eb2d44c96a8634ee68c3d88cd93f5d-sock
java_class_path (initial): c:\Users\SMM\.vscode\extensions\redhat.java-1.47.0-win32-x64\server\plugins\org.eclipse.equinox.launcher_1.7.100.v20251014-1222.jar
Launcher Type: SUN_STANDARD

[Global flags]
    uintx AdaptiveSizePolicyWeight                 = 90                                        {product} {command line}
     intx CICompilerCount                          = 4                                         {product} {ergonomic}
    uintx GCTimeRatio                              = 4                                         {product} {command line}
     bool HeapDumpOnOutOfMemoryError               = true                                   {manageable} {command line}
    ccstr HeapDumpPath                             = c:\Users\SMM\AppData\Roaming\Code\User\workspaceStorage\79043d16884e3c0920b2f1fb95569d65\redhat.java         {manageable} {command line}
   size_t InitialHeapSize                          = 104857600                                 {product} {command line}
   size_t MaxHeapSize                              = 2147483648                                {product} {command line}
   size_t MaxNewSize                               = 715653120                                 {product} {ergonomic}
   size_t MinHeapDeltaBytes                        = 524288                                    {product} {ergonomic}
   size_t MinHeapSize                              = 104857600                                 {product} {command line}
   size_t NewSize                                  = 34603008                                  {product} {ergonomic}
    uintx NonNMethodCodeHeapSize                   = 5839372                                {pd product} {ergonomic}
    uintx NonProfiledCodeHeapSize                  = 122909434                              {pd product} {ergonomic}
   size_t OldSize                                  = 70254592                                  {product} {ergonomic}
    uintx ProfiledCodeHeapSize                     = 122909434                              {pd product} {ergonomic}
    uintx ReservedCodeCacheSize                    = 251658240                              {pd product} {ergonomic}
     bool SegmentedCodeCache                       = true                                      {product} {ergonomic}
   size_t SoftMaxHeapSize                          = 2147483648                             {manageable} {ergonomic}
     bool UseCompressedOops                        = true                           {product lp64_product} {ergonomic}
     bool UseLargePagesIndividualAllocation        = false                                  {pd product} {ergonomic}
     bool UseParallelGC                            = true                                      {product} {command line}

Logging:
Log output configuration:
 #0: stdout all=off uptime,level,tags foldmultilines=false
 #1: stderr all=off uptime,level,tags foldmultilines=false

Environment Variables:
JAVA_HOME=C:\Program Files\Java\jdk-21
PATH=C:\Program Files\Common Files\Oracle\Java\javapath;C:\WINDOWS\system32;C:\WINDOWS;C:\WINDOWS\System32\Wbem;C:\WINDOWS\System32\WindowsPowerShell\v1.0\;C:\WINDOWS\System32\OpenSSH\;C:\Program Files\Java\jdk-21\bin;C:\ProgramData\chocolatey\bin;C:\Program Files\nodejs\;C:\Program Files\MongoDB\Server\7.0\bin;C:\Program Files\Git\cmd;C:\Program Files\dotnet\;C:\Program Files\Java\jdk-21;C:\Program Files\Java\jdk-17\;C:\Program Files\MySQL\MySQL Shell 8.0\bin\;C:\Users\SMM\AppData\Local\Microsoft\WindowsApps;C:\Users\SMM\AppData\Local\Programs\Microsoft VS Code\bin;C:\Users\SMM\AppData\Roaming\npm;C:\Program Files\MongoDB\Server\7.0\bin;C:\Users\SMM\AppData\Local\GitHubDesktop\bin;;C:\Program Files\JetBrains\IntelliJ IDEA 2025.1.2\bin;;C:\Program Files\JetBrains\IntelliJ IDEA Community Edition 2025.1.2\bin;
USERNAME=SMM
OS=Windows_NT
PROCESSOR_IDENTIFIER=Intel64 Family 6 Model 142 Stepping 12, GenuineIntel
TMP=C:\Users\SMM\AppData\Local\Temp
TEMP=C:\Users\SMM\AppData\Local\Temp




Periodic native trim disabled

---------------  S Y S T E M  ---------------

OS:
 Windows 11 , 64 bit Build 26100 (10.0.26100.6725)
OS uptime: 0 days 7:47 hours
Hyper-V role detected

CPU: total 8 (initial active 8) (4 cores per cpu, 2 threads per core) family 6 model 142 stepping 12 microcode 0x100, cx8, cmov, fxsr, ht, mmx, 3dnowpref, sse, sse2, sse3, ssse3, sse4.1, sse4.2, popcnt, lzcnt, tsc, tscinvbit, avx, avx2, aes, erms, clmul, bmi1, bmi2, adx, fma, vzeroupper, clflush, clflushopt, hv, rdtscp, f16c
Processor Information for processor 0
  Max Mhz: 1896, Current Mhz: 1496, Mhz Limit: 1592
Processor Information for processor 1
  Max Mhz: 1896, Current Mhz: 1596, Mhz Limit: 1592
Processor Information for processor 2
  Max Mhz: 1896, Current Mhz: 1496, Mhz Limit: 1592
Processor Information for processor 3
  Max Mhz: 1896, Current Mhz: 1596, Mhz Limit: 1592
Processor Information for processor 4
  Max Mhz: 1896, Current Mhz: 1596, Mhz Limit: 1592
Processor Information for processor 5
  Max Mhz: 1896, Current Mhz: 1496, Mhz Limit: 1592
Processor Information for processor 6
  Max Mhz: 1896, Current Mhz: 1496, Mhz Limit: 1592
Processor Information for processor 7
  Max Mhz: 1896, Current Mhz: 1496, Mhz Limit: 1592

Memory: 4k page, system-wide physical 7998M (761M free)
TotalPageFile size 23895M (AvailPageFile size 0M)
current process WorkingSet (physical memory assigned to process): 9M, peak: 446M
current process commit charge ("private bytes"): 594M, peak: 621M

vm_info: OpenJDK 64-Bit Server VM (21.0.8+9-LTS) for windows-amd64 JRE (21.0.8+9-LTS), built on 2025-07-15T00:00:00Z by "admin" with MS VC++ 17.7 (VS2022)

END.
