#
# There is insufficient memory for the Java Runtime Environment to continue.
# Native memory allocation (malloc) failed to allocate 1292496 bytes for Chunk::new
# Possible reasons:
#   The system is out of physical RAM or swap space
#   The process is running with CompressedOops enabled, and the Java Heap may be blocking the growth of the native heap
# Possible solutions:
#   Reduce memory load on the system
#   Increase physical memory or swap space
#   Check if swap backing store is full
#   Decrease Java heap size (-Xmx/-Xms)
#   Decrease number of Java threads
#   Decrease Java thread stack sizes (-Xss)
#   Set larger code cache with -XX:ReservedCodeCacheSize=
#   JVM is running with Unscaled Compressed Oops mode in which the Java heap is
#     placed in the first 4GB address space. The Java Heap base address is the
#     maximum limit for the native heap growth. Please use -XX:HeapBaseMinAddress
#     to set the Java Heap base and to place the Java Heap above 4GB virtual address.
# This output file may be truncated or incomplete.
#
#  Out of Memory Error (arena.cpp:168), pid=19212, tid=9196
#
# JRE version: Java(TM) SE Runtime Environment (21.0.8+12) (build 21.0.8+12-LTS-250)
# Java VM: Java HotSpot(TM) 64-Bit Server VM (21.0.8+12-LTS-250, mixed mode, sharing, tiered, compressed oops, compressed class ptrs, g1 gc, windows-amd64)
# No core dump will be written. Minidumps are not enabled by default on client versions of Windows
#

---------------  S U M M A R Y ------------

Command Line: -Dfile.encoding=UTF-8 com.example.SnapCart.SnapCartApplication

Host: Intel(R) Core(TM) i5-8365U CPU @ 1.60GHz, 8 cores, 7G,  Windows 11 , 64 bit Build 26100 (10.0.26100.6725)
Time: Thu Nov 13 15:13:18 2025 Sri Lanka Standard Time elapsed time: 47.881633 seconds (0d 0h 0m 47s)

---------------  T H R E A D  ---------------

Current thread (0x0000021df9a11670):  JavaThread "C2 CompilerThread1" daemon [_thread_in_native, id=9196, stack(0x000000bd86600000,0x000000bd86700000) (1024K)]


Current CompileTask:
C2:  47885 3425       4       java.lang.invoke.MethodType::makeImpl (109 bytes)

Stack: [0x000000bd86600000,0x000000bd86700000]
Native frames: (J=compiled Java code, j=interpreted, Vv=VM code, C=native code)
V  [jvm.dll+0x6cc179]
V  [jvm.dll+0x8584c1]
V  [jvm.dll+0x85a9ee]
V  [jvm.dll+0x85b0c3]
V  [jvm.dll+0x27ebf6]
V  [jvm.dll+0xc4f4d]
V  [jvm.dll+0xc5483]
V  [jvm.dll+0x3b6a82]
V  [jvm.dll+0x382a35]
V  [jvm.dll+0x381eaa]
V  [jvm.dll+0x247670]
V  [jvm.dll+0x246c4f]
V  [jvm.dll+0x1c7a3e]
V  [jvm.dll+0x256359]
V  [jvm.dll+0x2548ea]
V  [jvm.dll+0x3efef6]
V  [jvm.dll+0x80279b]
V  [jvm.dll+0x6ca85d]
C  [ucrtbase.dll+0x37b0]
C  [KERNEL32.DLL+0x2e8d7]
C  [ntdll.dll+0x8c53c]


---------------  P R O C E S S  ---------------

Threads class SMR info:
_java_thread_list=0x0000021dfac383e0, length=14, elements={
0x0000021d94706d50, 0x0000021db32d4e80, 0x0000021db32d79e0, 0x0000021db32dbfb0,
0x0000021db32dcc60, 0x0000021db32de630, 0x0000021db32dfed0, 0x0000021db32eac60,
0x0000021db32eeed0, 0x0000021db3549010, 0x0000021db3557050, 0x0000021df919f9e0,
0x0000021df9902210, 0x0000021df9a11670
}

Java Threads: ( => current thread )
  0x0000021d94706d50 JavaThread "main"                              [_thread_blocked, id=25060, stack(0x000000bd84c00000,0x000000bd84d00000) (1024K)]
  0x0000021db32d4e80 JavaThread "Reference Handler"          daemon [_thread_blocked, id=3688, stack(0x000000bd85400000,0x000000bd85500000) (1024K)]
  0x0000021db32d79e0 JavaThread "Finalizer"                  daemon [_thread_blocked, id=25492, stack(0x000000bd85500000,0x000000bd85600000) (1024K)]
  0x0000021db32dbfb0 JavaThread "Signal Dispatcher"          daemon [_thread_blocked, id=24788, stack(0x000000bd85600000,0x000000bd85700000) (1024K)]
  0x0000021db32dcc60 JavaThread "Attach Listener"            daemon [_thread_blocked, id=10892, stack(0x000000bd85700000,0x000000bd85800000) (1024K)]
  0x0000021db32de630 JavaThread "Service Thread"             daemon [_thread_blocked, id=5384, stack(0x000000bd85800000,0x000000bd85900000) (1024K)]
  0x0000021db32dfed0 JavaThread "Monitor Deflation Thread"   daemon [_thread_blocked, id=22852, stack(0x000000bd85900000,0x000000bd85a00000) (1024K)]
  0x0000021db32eac60 JavaThread "C2 CompilerThread0"         daemon [_thread_in_native, id=8748, stack(0x000000bd85a00000,0x000000bd85b00000) (1024K)]
  0x0000021db32eeed0 JavaThread "C1 CompilerThread0"         daemon [_thread_blocked, id=19612, stack(0x000000bd85b00000,0x000000bd85c00000) (1024K)]
  0x0000021db3549010 JavaThread "Notification Thread"        daemon [_thread_blocked, id=19084, stack(0x000000bd85c00000,0x000000bd85d00000) (1024K)]
  0x0000021db3557050 JavaThread "Common-Cleaner"             daemon [_thread_blocked, id=10408, stack(0x000000bd85d00000,0x000000bd85e00000) (1024K)]
  0x0000021df919f9e0 JavaThread "Thread-0"                          [_thread_blocked, id=16104, stack(0x000000bd85e00000,0x000000bd85f00000) (1024K)]
  0x0000021df9902210 JavaThread "restartedMain"                     [_thread_in_vm, id=18480, stack(0x000000bd85f00000,0x000000bd86000000) (1024K)]
=>0x0000021df9a11670 JavaThread "C2 CompilerThread1"         daemon [_thread_in_native, id=9196, stack(0x000000bd86600000,0x000000bd86700000) (1024K)]
Total: 14

Other Threads:
  0x0000021db32b78d0 VMThread "VM Thread"                           [id=22156, stack(0x000000bd85300000,0x000000bd85400000) (1024K)]
  0x0000021db32a29f0 WatcherThread "VM Periodic Task Thread"        [id=5048, stack(0x000000bd85200000,0x000000bd85300000) (1024K)]
  0x0000021d96210aa0 WorkerThread "GC Thread#0"                     [id=18820, stack(0x000000bd84d00000,0x000000bd84e00000) (1024K)]
  0x0000021df93f8ec0 WorkerThread "GC Thread#1"                     [id=17292, stack(0x000000bd86000000,0x000000bd86100000) (1024K)]
  0x0000021df9a080a0 WorkerThread "GC Thread#2"                     [id=25240, stack(0x000000bd86100000,0x000000bd86200000) (1024K)]
  0x0000021df9a08440 WorkerThread "GC Thread#3"                     [id=23544, stack(0x000000bd86200000,0x000000bd86300000) (1024K)]
  0x0000021df9a087e0 WorkerThread "GC Thread#4"                     [id=2372, stack(0x000000bd86300000,0x000000bd86400000) (1024K)]
  0x0000021df9a08b80 WorkerThread "GC Thread#5"                     [id=9908, stack(0x000000bd86400000,0x000000bd86500000) (1024K)]
  0x0000021df9d5e850 WorkerThread "GC Thread#6"                     [id=10788, stack(0x000000bd86500000,0x000000bd86600000) (1024K)]
  0x0000021df9b843e0 WorkerThread "GC Thread#7"                     [id=23492, stack(0x000000bd86700000,0x000000bd86800000) (1024K)]
  0x0000021d96221c90 ConcurrentGCThread "G1 Main Marker"            [id=24920, stack(0x000000bd84e00000,0x000000bd84f00000) (1024K)]
  0x0000021d96223610 WorkerThread "G1 Conc#0"                       [id=10540, stack(0x000000bd84f00000,0x000000bd85000000) (1024K)]
  0x0000021df99d7ea0 WorkerThread "G1 Conc#1"                       [id=16084, stack(0x000000bd86900000,0x000000bd86a00000) (1024K)]
  0x0000021d9626e930 ConcurrentGCThread "G1 Refine#0"               [id=22960, stack(0x000000bd85000000,0x000000bd85100000) (1024K)]
  0x0000021db3175af0 ConcurrentGCThread "G1 Service"                [id=24912, stack(0x000000bd85100000,0x000000bd85200000) (1024K)]
Total: 15

Threads with active compile tasks:
C2 CompilerThread0    48076 3427   !   4       jdk.internal.loader.BuiltinClassLoader::loadClassOrNull (143 bytes)
C2 CompilerThread1    48076 3425       4       java.lang.invoke.MethodType::makeImpl (109 bytes)
Total: 2

VM state: not at safepoint (normal execution)

VM Mutex/Monitor currently owned by a thread: None

Heap address: 0x0000000083000000, size: 2000 MB, Compressed Oops mode: 32-bit

CDS archive(s) mapped at: [0x0000021db4000000-0x0000021db4c90000-0x0000021db4c90000), size 13172736, SharedBaseAddress: 0x0000021db4000000, ArchiveRelocationMode: 1.
Compressed class space mapped at: 0x0000021db5000000-0x0000021df5000000, reserved size: 1073741824
Narrow klass base: 0x0000021db4000000, Narrow klass shift: 0, Narrow klass range: 0x100000000

GC Precious Log:
 CardTable entry size: 512
 Card Set container configuration: InlinePtr #cards 5 size 8 Array Of Cards #cards 12 size 40 Howl #buckets 4 coarsen threshold 1843 Howl Bitmap #cards 512 size 80 coarsen threshold 460 Card regions per heap region 1 cards per card region 2048
 CPUs: 8 total, 8 available
 Memory: 7998M
 Large Page Support: Disabled
 NUMA Support: Disabled
 Compressed Oops: Enabled (32-bit)
 Heap Region Size: 1M
 Heap Min Capacity: 8M
 Heap Initial Capacity: 126M
 Heap Max Capacity: 2000M
 Pre-touch: Disabled
 Parallel Workers: 8
 Concurrent Workers: 2
 Concurrent Refinement Workers: 8
 Periodic GC: Disabled

Heap:
 garbage-first heap   total 51200K, used 19440K [0x0000000083000000, 0x0000000100000000)
  region size 1024K, 7 young (7168K), 3 survivors (3072K)
 Metaspace       used 25189K, committed 25600K, reserved 1114112K
  class space    used 3159K, committed 3328K, reserved 1048576K

Heap Regions: E=young(eden), S=young(survivor), O=old, HS=humongous(starts), HC=humongous(continues), CS=collection set, F=free, TAMS=top-at-mark-start, PB=parsable bottom
|   0|0x0000000083000000, 0x0000000083100000, 0x0000000083100000|100%|HS|  |TAMS 0x0000000083000000| PB 0x0000000083000000| Complete 
|   1|0x0000000083100000, 0x0000000083200000, 0x0000000083200000|100%|HS|  |TAMS 0x0000000083100000| PB 0x0000000083100000| Complete 
|   2|0x0000000083200000, 0x0000000083300000, 0x0000000083300000|100%| O|  |TAMS 0x0000000083200000| PB 0x0000000083200000| Untracked 
|   3|0x0000000083300000, 0x0000000083400000, 0x0000000083400000|100%| O|  |TAMS 0x0000000083300000| PB 0x0000000083300000| Untracked 
|   4|0x0000000083400000, 0x0000000083500000, 0x0000000083500000|100%| O|  |TAMS 0x0000000083400000| PB 0x0000000083400000| Untracked 
|   5|0x0000000083500000, 0x0000000083600000, 0x0000000083600000|100%| O|  |TAMS 0x0000000083500000| PB 0x0000000083500000| Untracked 
|   6|0x0000000083600000, 0x0000000083700000, 0x0000000083700000|100%| O|  |TAMS 0x0000000083600000| PB 0x0000000083600000| Untracked 
|   7|0x0000000083700000, 0x00000000837e93a0, 0x0000000083800000| 91%| O|Cm|TAMS 0x0000000083700000| PB 0x0000000083700000| Complete 
|   8|0x0000000083800000, 0x0000000083900000, 0x0000000083900000|100%| O|  |TAMS 0x0000000083800000| PB 0x0000000083800000| Untracked 
|   9|0x0000000083900000, 0x0000000083a00000, 0x0000000083a00000|100%| O|  |TAMS 0x0000000083900000| PB 0x0000000083900000| Untracked 
|  10|0x0000000083a00000, 0x0000000083b00000, 0x0000000083b00000|100%| O|  |TAMS 0x0000000083a00000| PB 0x0000000083a00000| Untracked 
|  11|0x0000000083b00000, 0x0000000083c00000, 0x0000000083c00000|100%| O|  |TAMS 0x0000000083b00000| PB 0x0000000083b00000| Untracked 
|  12|0x0000000083c00000, 0x0000000083d00000, 0x0000000083d00000|100%| O|  |TAMS 0x0000000083c00000| PB 0x0000000083c00000| Untracked 
|  13|0x0000000083d00000, 0x0000000083d13040, 0x0000000083e00000|  7%| O|  |TAMS 0x0000000083d00000| PB 0x0000000083d00000| Untracked 
|  14|0x0000000083e00000, 0x0000000083e00000, 0x0000000083f00000|  0%| F|  |TAMS 0x0000000083e00000| PB 0x0000000083e00000| Untracked 
|  15|0x0000000083f00000, 0x0000000083f00000, 0x0000000084000000|  0%| F|  |TAMS 0x0000000083f00000| PB 0x0000000083f00000| Untracked 
|  16|0x0000000084000000, 0x0000000084000000, 0x0000000084100000|  0%| F|  |TAMS 0x0000000084000000| PB 0x0000000084000000| Untracked 
|  17|0x0000000084100000, 0x0000000084200000, 0x0000000084200000|100%| S|CS|TAMS 0x0000000084100000| PB 0x0000000084100000| Complete 
|  18|0x0000000084200000, 0x0000000084300000, 0x0000000084300000|100%| S|CS|TAMS 0x0000000084200000| PB 0x0000000084200000| Complete 
|  19|0x0000000084300000, 0x0000000084400000, 0x0000000084400000|100%| S|CS|TAMS 0x0000000084300000| PB 0x0000000084300000| Complete 
|  20|0x0000000084400000, 0x0000000084400000, 0x0000000084500000|  0%| F|  |TAMS 0x0000000084400000| PB 0x0000000084400000| Untracked 
|  21|0x0000000084500000, 0x0000000084500000, 0x0000000084600000|  0%| F|  |TAMS 0x0000000084500000| PB 0x0000000084500000| Untracked 
|  22|0x0000000084600000, 0x0000000084600000, 0x0000000084700000|  0%| F|  |TAMS 0x0000000084600000| PB 0x0000000084600000| Untracked 
|  23|0x0000000084700000, 0x0000000084700000, 0x0000000084800000|  0%| F|  |TAMS 0x0000000084700000| PB 0x0000000084700000| Untracked 
|  24|0x0000000084800000, 0x0000000084800000, 0x0000000084900000|  0%| F|  |TAMS 0x0000000084800000| PB 0x0000000084800000| Untracked 
|  25|0x0000000084900000, 0x0000000084900000, 0x0000000084a00000|  0%| F|  |TAMS 0x0000000084900000| PB 0x0000000084900000| Untracked 
|  26|0x0000000084a00000, 0x0000000084a00000, 0x0000000084b00000|  0%| F|  |TAMS 0x0000000084a00000| PB 0x0000000084a00000| Untracked 
|  27|0x0000000084b00000, 0x0000000084b00000, 0x0000000084c00000|  0%| F|  |TAMS 0x0000000084b00000| PB 0x0000000084b00000| Untracked 
|  28|0x0000000084c00000, 0x0000000084c00000, 0x0000000084d00000|  0%| F|  |TAMS 0x0000000084c00000| PB 0x0000000084c00000| Untracked 
|  29|0x0000000084d00000, 0x0000000084d00000, 0x0000000084e00000|  0%| F|  |TAMS 0x0000000084d00000| PB 0x0000000084d00000| Untracked 
|  30|0x0000000084e00000, 0x0000000084e00000, 0x0000000084f00000|  0%| F|  |TAMS 0x0000000084e00000| PB 0x0000000084e00000| Untracked 
|  31|0x0000000084f00000, 0x0000000084f00000, 0x0000000085000000|  0%| F|  |TAMS 0x0000000084f00000| PB 0x0000000084f00000| Untracked 
|  32|0x0000000085000000, 0x0000000085000000, 0x0000000085100000|  0%| F|  |TAMS 0x0000000085000000| PB 0x0000000085000000| Untracked 
|  33|0x0000000085100000, 0x0000000085100000, 0x0000000085200000|  0%| F|  |TAMS 0x0000000085100000| PB 0x0000000085100000| Untracked 
|  34|0x0000000085200000, 0x0000000085200000, 0x0000000085300000|  0%| F|  |TAMS 0x0000000085200000| PB 0x0000000085200000| Untracked 
|  35|0x0000000085300000, 0x0000000085300000, 0x0000000085400000|  0%| F|  |TAMS 0x0000000085300000| PB 0x0000000085300000| Untracked 
|  36|0x0000000085400000, 0x0000000085400000, 0x0000000085500000|  0%| F|  |TAMS 0x0000000085400000| PB 0x0000000085400000| Untracked 
|  37|0x0000000085500000, 0x0000000085500000, 0x0000000085600000|  0%| F|  |TAMS 0x0000000085500000| PB 0x0000000085500000| Untracked 
|  38|0x0000000085600000, 0x0000000085600000, 0x0000000085700000|  0%| F|  |TAMS 0x0000000085600000| PB 0x0000000085600000| Untracked 
|  39|0x0000000085700000, 0x0000000085700000, 0x0000000085800000|  0%| F|  |TAMS 0x0000000085700000| PB 0x0000000085700000| Untracked 
|  40|0x0000000085800000, 0x0000000085800000, 0x0000000085900000|  0%| F|  |TAMS 0x0000000085800000| PB 0x0000000085800000| Untracked 
|  41|0x0000000085900000, 0x0000000085900000, 0x0000000085a00000|  0%| F|  |TAMS 0x0000000085900000| PB 0x0000000085900000| Untracked 
|  42|0x0000000085a00000, 0x0000000085a00000, 0x0000000085b00000|  0%| F|  |TAMS 0x0000000085a00000| PB 0x0000000085a00000| Untracked 
|  79|0x0000000087f00000, 0x0000000087f00000, 0x0000000088000000|  0%| F|  |TAMS 0x0000000087f00000| PB 0x0000000087f00000| Untracked 
|  80|0x0000000088000000, 0x0000000088000000, 0x0000000088100000|  0%| F|  |TAMS 0x0000000088000000| PB 0x0000000088000000| Untracked 
|  81|0x0000000088100000, 0x0000000088100000, 0x0000000088200000|  0%| F|  |TAMS 0x0000000088100000| PB 0x0000000088100000| Untracked 
|  82|0x0000000088200000, 0x00000000882b91a8, 0x0000000088300000| 72%| E|  |TAMS 0x0000000088200000| PB 0x0000000088200000| Complete 
|  83|0x0000000088300000, 0x0000000088400000, 0x0000000088400000|100%| E|CS|TAMS 0x0000000088300000| PB 0x0000000088300000| Complete 
|  84|0x0000000088400000, 0x0000000088500000, 0x0000000088500000|100%| E|CS|TAMS 0x0000000088400000| PB 0x0000000088400000| Complete 
| 125|0x000000008ad00000, 0x000000008ae00000, 0x000000008ae00000|100%| E|CS|TAMS 0x000000008ad00000| PB 0x000000008ad00000| Complete 

Card table byte_map: [0x0000021dae550000,0x0000021dae940000] _byte_map_base: 0x0000021dae138000

Marking Bits: (CMBitMap*) 0x0000021d962119b0
 Bits: [0x0000021dae940000, 0x0000021db0880000)

Polling page: 0x0000021d948d0000

Metaspace:

Usage:
  Non-class:     21.52 MB used.
      Class:      3.09 MB used.
       Both:     24.60 MB used.

Virtual space:
  Non-class space:       64.00 MB reserved,      21.75 MB ( 34%) committed,  1 nodes.
      Class space:        1.00 GB reserved,       3.25 MB ( <1%) committed,  1 nodes.
             Both:        1.06 GB reserved,      25.00 MB (  2%) committed. 

Chunk freelists:
   Non-Class:  9.53 MB
       Class:  12.64 MB
        Both:  22.17 MB

MaxMetaspaceSize: unlimited
CompressedClassSpaceSize: 1.00 GB
Initial GC threshold: 21.00 MB
Current GC threshold: 35.56 MB
CDS: on
 - commit_granule_bytes: 65536.
 - commit_granule_words: 8192.
 - virtual_space_node_default_size: 8388608.
 - enlarge_chunks_in_place: 1.
 - use_allocation_guard: 0.


Internal statistics:

num_allocs_failed_limit: 3.
num_arena_births: 422.
num_arena_deaths: 0.
num_vsnodes_births: 2.
num_vsnodes_deaths: 0.
num_space_committed: 400.
num_space_uncommitted: 0.
num_chunks_returned_to_freelist: 3.
num_chunks_taken_from_freelist: 1336.
num_chunk_merges: 3.
num_chunk_splits: 893.
num_chunks_enlarged: 635.
num_inconsistent_stats: 0.

CodeHeap 'non-profiled nmethods': size=120000Kb used=1550Kb max_used=1550Kb free=118449Kb
 bounds [0x0000021da61c0000, 0x0000021da6430000, 0x0000021dad6f0000]
CodeHeap 'profiled nmethods': size=120000Kb used=7061Kb max_used=7061Kb free=112938Kb
 bounds [0x0000021d9e6f0000, 0x0000021d9ede0000, 0x0000021da5c20000]
CodeHeap 'non-nmethods': size=5760Kb used=1451Kb max_used=1534Kb free=4308Kb
 bounds [0x0000021da5c20000, 0x0000021da5e90000, 0x0000021da61c0000]
 total_blobs=3983 nmethods=3449 adapters=438
 compilation: enabled
              stopped_count=0, restarted_count=0
 full_count=0

Compilation events (20 events):
Event: 46.614 Thread 0x0000021db32eeed0 3445       3       java.util.zip.ZipFile$ZipFileInflaterInputStream::available (44 bytes)
Event: 46.614 Thread 0x0000021db32eeed0 nmethod 3445 0x0000021d9edcff90 code [0x0000021d9edd0160, 0x0000021d9edd04d8]
Event: 46.615 Thread 0x0000021db32eeed0 3446       3       org.springframework.core.io.AbstractResource::<init> (5 bytes)
Event: 46.615 Thread 0x0000021db32eeed0 nmethod 3446 0x0000021d9edd0610 code [0x0000021d9edd07c0, 0x0000021d9edd0928]
Event: 46.616 Thread 0x0000021db32eeed0 3447       3       org.springframework.context.support.GenericApplicationContext::getResource (74 bytes)
Event: 46.618 Thread 0x0000021db32eeed0 nmethod 3447 0x0000021d9edd0a10 code [0x0000021d9edd0ce0, 0x0000021d9edd1a28]
Event: 46.618 Thread 0x0000021db32eeed0 3448       3       org.springframework.boot.devtools.restart.ClassLoaderFilesResourcePatternResolver::getResource (30 bytes)
Event: 46.619 Thread 0x0000021db32eeed0 nmethod 3448 0x0000021d9edd1f10 code [0x0000021d9edd2100, 0x0000021d9edd2418]
Event: 46.619 Thread 0x0000021db32eeed0 3449       3       org.springframework.core.io.support.PathMatchingResourcePatternResolver::getResource (43 bytes)
Event: 46.620 Thread 0x0000021db32eeed0 nmethod 3449 0x0000021d9edd2590 code [0x0000021d9edd2780, 0x0000021d9edd2e70]
Event: 46.706 Thread 0x0000021db32eeed0 3451       3       jdk.internal.org.objectweb.asm.SymbolTable::addConstantUtf8Reference (101 bytes)
Event: 46.707 Thread 0x0000021db32eeed0 nmethod 3451 0x0000021d9edd3010 code [0x0000021d9edd3240, 0x0000021d9edd3838]
Event: 46.725 Thread 0x0000021db32eeed0 3455       1       sun.reflect.generics.reflectiveObjects.TypeVariableImpl::getName (5 bytes)
Event: 46.725 Thread 0x0000021db32eeed0 nmethod 3455 0x0000021da6339f90 code [0x0000021da633a120, 0x0000021da633a1e8]
Event: 46.758 Thread 0x0000021db32eeed0 3456       2       java.security.CodeSource::getCertificates (95 bytes)
Event: 46.759 Thread 0x0000021db32eeed0 nmethod 3456 0x0000021d9edd3b90 code [0x0000021d9edd3dc0, 0x0000021d9edd4358]
Event: 46.767 Thread 0x0000021db32eeed0 3457       3       java.lang.invoke.MethodTypeForm::findForm (24 bytes)
Event: 46.768 Thread 0x0000021db32eeed0 nmethod 3457 0x0000021d9edd4590 code [0x0000021d9edd4760, 0x0000021d9edd49a8]
Event: 46.799 Thread 0x0000021db32eeed0 3458   !   3       java.lang.ClassLoader::addClass (27 bytes)
Event: 46.800 Thread 0x0000021db32eeed0 nmethod 3458 0x0000021d9edd4a90 code [0x0000021d9edd4c80, 0x0000021d9edd52b0]

GC Heap History (8 events):
Event: 32.364 GC heap before
{Heap before GC invocations=0 (full 0):
 garbage-first heap   total 129024K, used 24576K [0x0000000083000000, 0x0000000100000000)
  region size 1024K, 23 young (23552K), 0 survivors (0K)
 Metaspace       used 5140K, committed 5376K, reserved 1114112K
  class space    used 585K, committed 704K, reserved 1048576K
}
Event: 32.401 GC heap after
{Heap after GC invocations=1 (full 0):
 garbage-first heap   total 129024K, used 7925K [0x0000000083000000, 0x0000000100000000)
  region size 1024K, 3 young (3072K), 3 survivors (3072K)
 Metaspace       used 5140K, committed 5376K, reserved 1114112K
  class space    used 585K, committed 704K, reserved 1048576K
}
Event: 38.467 GC heap before
{Heap before GC invocations=1 (full 0):
 garbage-first heap   total 129024K, used 36597K [0x0000000083000000, 0x0000000100000000)
  region size 1024K, 32 young (32768K), 3 survivors (3072K)
 Metaspace       used 12760K, committed 13184K, reserved 1114112K
  class space    used 1718K, committed 1920K, reserved 1048576K
}
Event: 38.505 GC heap after
{Heap after GC invocations=2 (full 0):
 garbage-first heap   total 129024K, used 10793K [0x0000000083000000, 0x0000000100000000)
  region size 1024K, 3 young (3072K), 3 survivors (3072K)
 Metaspace       used 12760K, committed 13184K, reserved 1114112K
  class space    used 1718K, committed 1920K, reserved 1048576K
}
Event: 40.549 GC heap before
{Heap before GC invocations=2 (full 0):
 garbage-first heap   total 129024K, used 47657K [0x0000000083000000, 0x0000000100000000)
  region size 1024K, 41 young (41984K), 3 survivors (3072K)
 Metaspace       used 21169K, committed 21504K, reserved 1114112K
  class space    used 2643K, committed 2816K, reserved 1048576K
}
Event: 40.567 GC heap after
{Heap after GC invocations=3 (full 0):
 garbage-first heap   total 129024K, used 14078K [0x0000000083000000, 0x0000000100000000)
  region size 1024K, 6 young (6144K), 6 survivors (6144K)
 Metaspace       used 21169K, committed 21504K, reserved 1114112K
  class space    used 2643K, committed 2816K, reserved 1048576K
}
Event: 46.357 GC heap before
{Heap before GC invocations=4 (full 0):
 garbage-first heap   total 51200K, used 38654K [0x0000000083000000, 0x0000000100000000)
  region size 1024K, 30 young (30720K), 6 survivors (6144K)
 Metaspace       used 24392K, committed 24768K, reserved 1114112K
  class space    used 3031K, committed 3200K, reserved 1048576K
}
Event: 46.375 GC heap after
{Heap after GC invocations=5 (full 0):
 garbage-first heap   total 51200K, used 16368K [0x0000000083000000, 0x0000000100000000)
  region size 1024K, 3 young (3072K), 3 survivors (3072K)
 Metaspace       used 24392K, committed 24768K, reserved 1114112K
  class space    used 3031K, committed 3200K, reserved 1048576K
}

Dll operation events (9 events):
Event: 0.475 Loaded shared library C:\Program Files\Java\jdk-21\bin\java.dll
Event: 0.720 Loaded shared library C:\Program Files\Java\jdk-21\bin\jsvml.dll
Event: 2.581 Loaded shared library C:\Program Files\Java\jdk-21\bin\net.dll
Event: 2.584 Loaded shared library C:\Program Files\Java\jdk-21\bin\nio.dll
Event: 2.586 Loaded shared library C:\Program Files\Java\jdk-21\bin\zip.dll
Event: 16.393 Loaded shared library C:\Program Files\Java\jdk-21\bin\jimage.dll
Event: 30.484 Loaded shared library C:\Program Files\Java\jdk-21\bin\management.dll
Event: 30.674 Loaded shared library C:\Program Files\Java\jdk-21\bin\management_ext.dll
Event: 40.787 Loaded shared library C:\Program Files\Java\jdk-21\bin\sunmscapi.dll

Deoptimization events (20 events):
Event: 41.353 Thread 0x0000021df9902210 DEOPT PACKING pc=0x0000021da620e5d8 sp=0x000000bd85ffdb60
Event: 41.353 Thread 0x0000021df9902210 DEOPT UNPACKING pc=0x0000021da5c746a2 sp=0x000000bd85ffdae8 mode 2
Event: 41.669 Thread 0x0000021df9902210 DEOPT PACKING pc=0x0000021d9e73c741 sp=0x000000bd85ffd9f0
Event: 41.669 Thread 0x0000021df9902210 DEOPT UNPACKING pc=0x0000021da5c74e42 sp=0x000000bd85ffcef0 mode 0
Event: 41.770 Thread 0x0000021df9902210 Uncommon trap: trap_request=0xffffffde fr.pc=0x0000021da62f1848 relative=0x00000000000004c8
Event: 41.770 Thread 0x0000021df9902210 Uncommon trap: reason=class_check action=maybe_recompile pc=0x0000021da62f1848 method=java.lang.String.equals(Ljava/lang/Object;)Z @ 8 c2
Event: 41.770 Thread 0x0000021df9902210 DEOPT PACKING pc=0x0000021da62f1848 sp=0x000000bd85ffdfc0
Event: 41.770 Thread 0x0000021df9902210 DEOPT UNPACKING pc=0x0000021da5c746a2 sp=0x000000bd85ffde78 mode 2
Event: 46.376 Thread 0x0000021df9902210 Uncommon trap: trap_request=0xfffffff4 fr.pc=0x0000021da629050c relative=0x00000000000056ac
Event: 46.376 Thread 0x0000021df9902210 Uncommon trap: reason=null_check action=make_not_entrant pc=0x0000021da629050c method=java.lang.invoke.MethodType.equals(Ljava/lang/Object;)Z @ 39 c2
Event: 46.376 Thread 0x0000021df9902210 DEOPT PACKING pc=0x0000021da629050c sp=0x000000bd85ffd210
Event: 46.376 Thread 0x0000021df9902210 DEOPT UNPACKING pc=0x0000021da5c746a2 sp=0x000000bd85ffd0b0 mode 2
Event: 46.381 Thread 0x0000021df9902210 Uncommon trap: trap_request=0xffffff45 fr.pc=0x0000021da628461c relative=0x000000000000087c
Event: 46.381 Thread 0x0000021df9902210 Uncommon trap: reason=unstable_if action=reinterpret pc=0x0000021da628461c method=jdk.internal.org.objectweb.asm.SymbolTable.put(Ljdk/internal/org/objectweb/asm/SymbolTable$Entry;)Ljdk/internal/org/objectweb/asm/SymbolTable$Entry; @ 13 c2
Event: 46.381 Thread 0x0000021df9902210 DEOPT PACKING pc=0x0000021da628461c sp=0x000000bd85ffd100
Event: 46.381 Thread 0x0000021df9902210 DEOPT UNPACKING pc=0x0000021da5c746a2 sp=0x000000bd85ffd020 mode 2
Event: 46.491 Thread 0x0000021df9902210 Uncommon trap: trap_request=0xffffff45 fr.pc=0x0000021da631c740 relative=0x0000000000000340
Event: 46.491 Thread 0x0000021df9902210 Uncommon trap: reason=unstable_if action=reinterpret pc=0x0000021da631c740 method=org.springframework.beans.factory.support.AbstractBeanFactory.getMergedLocalBeanDefinition(Ljava/lang/String;)Lorg/springframework/beans/factory/support/RootBeanDefinition; 
Event: 46.491 Thread 0x0000021df9902210 DEOPT PACKING pc=0x0000021da631c740 sp=0x000000bd85ffdca0
Event: 46.491 Thread 0x0000021df9902210 DEOPT UNPACKING pc=0x0000021da5c746a2 sp=0x000000bd85ffdc48 mode 2

Classes loaded (20 events):
Event: 40.985 Loading class java/security/AuthProvider
Event: 40.985 Loading class java/security/AuthProvider done
Event: 40.986 Loading class java/security/PrivilegedActionException
Event: 40.987 Loading class java/security/PrivilegedActionException done
Event: 40.987 Loading class javax/security/auth/login/FailedLoginException
Event: 40.987 Loading class javax/security/auth/login/FailedLoginException done
Event: 40.988 Loading class javax/security/auth/callback/CallbackHandler
Event: 40.988 Loading class javax/security/auth/callback/CallbackHandler done
Event: 40.988 Loading class javax/security/auth/Subject
Event: 40.989 Loading class javax/security/auth/Subject done
Event: 40.993 Loading class com/sun/security/sasl/Provider
Event: 40.993 Loading class com/sun/security/sasl/Provider done
Event: 40.993 Loading class com/sun/security/sasl/Provider$1
Event: 40.993 Loading class com/sun/security/sasl/Provider$1 done
Event: 40.993 Loading class com/sun/security/sasl/Provider$ProviderService
Event: 40.994 Loading class com/sun/security/sasl/Provider$ProviderService done
Event: 40.994 Loading class sun/security/provider/certpath/ldap/JdkLDAP
Event: 40.994 Loading class sun/security/provider/certpath/ldap/JdkLDAP done
Event: 40.995 Loading class sun/security/provider/certpath/ldap/JdkLDAP$ProviderService
Event: 40.995 Loading class sun/security/provider/certpath/ldap/JdkLDAP$ProviderService done

Classes unloaded (0 events):
No events

Classes redefined (0 events):
No events

Internal exceptions (20 events):
Event: 35.290 Thread 0x0000021df9902210 Exception <a 'java/lang/NoSuchMethodError'{0x000000008a4d5fe8}: 'void java.lang.invoke.DirectMethodHandle$Holder.invokeInterface(java.lang.Object, java.lang.Object, java.lang.Object)'> (0x000000008a4d5fe8) 
thrown [s\open\src\hotspot\share\interpreter\linkResolver.cpp, line 773]
Event: 35.728 Thread 0x0000021df9902210 Exception <a 'java/lang/NoSuchMethodError'{0x000000008a36fcb8}: 'void java.lang.invoke.DirectMethodHandle$Holder.invokeStaticInit(java.lang.Object, java.lang.Object, java.lang.Object)'> (0x000000008a36fcb8) 
thrown [s\open\src\hotspot\share\interpreter\linkResolver.cpp, line 773]
Event: 35.745 Thread 0x0000021df9902210 Exception <a 'java/lang/NoSuchMethodError'{0x000000008a3a6650}: 'java.lang.Object java.lang.invoke.DirectMethodHandle$Holder.invokeStaticInit(java.lang.Object, int)'> (0x000000008a3a6650) 
thrown [s\open\src\hotspot\share\interpreter\linkResolver.cpp, line 773]
Event: 35.766 Thread 0x0000021df9902210 Exception <a 'java/lang/NoSuchMethodError'{0x000000008a3b0940}: 'java.lang.Object java.lang.invoke.DirectMethodHandle$Holder.invokeStatic(java.lang.Object, int, java.lang.Object)'> (0x000000008a3b0940) 
thrown [s\open\src\hotspot\share\interpreter\linkResolver.cpp, line 773]
Event: 35.767 Thread 0x0000021df9902210 Exception <a 'java/lang/NoSuchMethodError'{0x000000008a3b3fa0}: 'java.lang.Object java.lang.invoke.DirectMethodHandle$Holder.invokeStaticInit(java.lang.Object, int, java.lang.Object)'> (0x000000008a3b3fa0) 
thrown [s\open\src\hotspot\share\interpreter\linkResolver.cpp, line 773]
Event: 35.797 Thread 0x0000021df9902210 Exception <a 'java/lang/NoSuchMethodError'{0x000000008a3d1320}: 'java.lang.Object java.lang.invoke.DirectMethodHandle$Holder.invokeVirtual(java.lang.Object, java.lang.Object, java.lang.Object)'> (0x000000008a3d1320) 
thrown [s\open\src\hotspot\share\interpreter\linkResolver.cpp, line 773]
Event: 35.972 Thread 0x0000021df9902210 Exception <a 'java/lang/NoSuchMethodError'{0x000000008a2867e8}: 'void java.lang.invoke.DirectMethodHandle$Holder.invokeVirtual(java.lang.Object, java.lang.Object, java.lang.Object, java.lang.Object)'> (0x000000008a2867e8) 
thrown [s\open\src\hotspot\share\interpreter\linkResolver.cpp, line 773]
Event: 36.524 Thread 0x0000021df9902210 Exception <a 'java/lang/NoSuchMethodError'{0x000000008a0ef4a0}: 'java.lang.Object java.lang.invoke.Invokers$Holder.invoke_MT(java.lang.Object, java.lang.Object, java.lang.Object, java.lang.Object, java.lang.Object, java.lang.Object, java.lang.Object, java.lang.Object, java.lang.Object)'> (0x000000008a0ef4a0) 
thrown [s\open\src\hotspot\share\interpreter\linkResolver.cpp, line 773]
Event: 36.772 Thread 0x0000021df9902210 Exception <a 'java/lang/NoSuchMethodError'{0x0000000089f76048}: 'java.lang.reflect.Field[] java.lang.Class.getDeclaredFields(java.lang.Class)'> (0x0000000089f76048) 
thrown [s\open\src\hotspot\share\interpreter\linkResolver.cpp, line 773]
Event: 36.894 Thread 0x0000021df9902210 Exception <a 'java/lang/IncompatibleClassChangeError'{0x0000000089e85408}: Found class java.lang.Object, but interface was expected> (0x0000000089e85408) 
thrown [s\open\src\hotspot\share\interpreter\linkResolver.cpp, line 840]
Event: 38.794 Thread 0x0000021df9902210 Exception <a 'java/lang/NoSuchMethodError'{0x000000008a8ae4d8}: 'int java.lang.invoke.DirectMethodHandle$Holder.invokeSpecial(java.lang.Object, java.lang.Object, java.lang.Object, java.lang.Object, java.lang.Object)'> (0x000000008a8ae4d8) 
thrown [s\open\src\hotspot\share\interpreter\linkResolver.cpp, line 773]
Event: 38.802 Thread 0x0000021df9902210 Exception <a 'java/lang/NoSuchMethodError'{0x000000008a8b6a30}: 'void java.lang.invoke.DirectMethodHandle$Holder.invokeVirtual(java.lang.Object, java.lang.Object)'> (0x000000008a8b6a30) 
thrown [s\open\src\hotspot\share\interpreter\linkResolver.cpp, line 773]
Event: 40.247 Thread 0x0000021df9902210 Exception <a 'java/lang/IncompatibleClassChangeError'{0x0000000088a627c0}: Found class java.lang.Object, but interface was expected> (0x0000000088a627c0) 
thrown [s\open\src\hotspot\share\interpreter\linkResolver.cpp, line 840]
Event: 40.322 Thread 0x0000021df9c6a010 Exception <a 'java/lang/NoSuchMethodError'{0x00000000889d2d60}: 'long java.lang.invoke.DirectMethodHandle$Holder.invokeSpecial(java.lang.Object, java.lang.Object)'> (0x00000000889d2d60) 
thrown [s\open\src\hotspot\share\interpreter\linkResolver.cpp, line 773]
Event: 40.326 Thread 0x0000021df9c6a010 Exception <a 'java/lang/NoSuchMethodError'{0x00000000889dc680}: 'long java.lang.invoke.DirectMethodHandle$Holder.invokeStatic(java.lang.Object, java.lang.Object)'> (0x00000000889dc680) 
thrown [s\open\src\hotspot\share\interpreter\linkResolver.cpp, line 773]
Event: 40.327 Thread 0x0000021df9c6a010 Exception <a 'java/lang/NoSuchMethodError'{0x00000000889df748}: 'long java.lang.invoke.DirectMethodHandle$Holder.invokeStaticInit(java.lang.Object, java.lang.Object)'> (0x00000000889df748) 
thrown [s\open\src\hotspot\share\interpreter\linkResolver.cpp, line 773]
Event: 40.331 Thread 0x0000021df9c6a010 Exception <a 'java/lang/NoSuchMethodError'{0x00000000889eb638}: 'long java.lang.invoke.DirectMethodHandle$Holder.invokeInterface(java.lang.Object, java.lang.Object)'> (0x00000000889eb638) 
thrown [s\open\src\hotspot\share\interpreter\linkResolver.cpp, line 773]
Event: 40.332 Thread 0x0000021df9c6a010 Exception <a 'java/lang/IncompatibleClassChangeError'{0x00000000889ee648}: Found class java.lang.Object, but interface was expected> (0x00000000889ee648) 
thrown [s\open\src\hotspot\share\interpreter\linkResolver.cpp, line 840]
Event: 40.354 Thread 0x0000021df9c6a010 Exception <a 'java/lang/NoSuchMethodError'{0x0000000088812910}: 'java.lang.Object java.lang.invoke.DirectMethodHandle$Holder.invokeVirtual(java.lang.Object, java.lang.Object, java.lang.Object, java.lang.Object)'> (0x0000000088812910) 
thrown [s\open\src\hotspot\share\interpreter\linkResolver.cpp, line 773]
Event: 46.376 Thread 0x0000021df9902210 Implicit null exception at 0x0000021da628b060 to 0x0000021da62904ec

ZGC Phase Switch (0 events):
No events

VM Operations (20 events):
Event: 42.403 Executing VM operation: Cleanup
Event: 42.420 Executing VM operation: Cleanup done
Event: 43.431 Executing VM operation: Cleanup
Event: 43.521 Executing VM operation: Cleanup done
Event: 44.524 Executing VM operation: Cleanup
Event: 44.524 Executing VM operation: Cleanup done
Event: 45.531 Executing VM operation: Cleanup
Event: 45.531 Executing VM operation: Cleanup done
Event: 46.357 Executing VM operation: G1CollectForAllocation (G1 Evacuation Pause)
Event: 46.376 Executing VM operation: G1CollectForAllocation (G1 Evacuation Pause) done
Event: 46.480 Executing VM operation: HandshakeAllThreads (Deoptimize)
Event: 46.481 Executing VM operation: HandshakeAllThreads (Deoptimize) done
Event: 46.485 Executing VM operation: HandshakeAllThreads (Deoptimize)
Event: 46.485 Executing VM operation: HandshakeAllThreads (Deoptimize) done
Event: 46.508 Executing VM operation: HandshakeAllThreads (Deoptimize)
Event: 46.508 Executing VM operation: HandshakeAllThreads (Deoptimize) done
Event: 46.512 Executing VM operation: HandshakeAllThreads (Deoptimize)
Event: 46.512 Executing VM operation: HandshakeAllThreads (Deoptimize) done
Event: 47.512 Executing VM operation: Cleanup
Event: 47.512 Executing VM operation: Cleanup done

Events (20 events):
Event: 0.718 Thread 0x0000021db32dfed0 Thread added: 0x0000021db32dfed0
Event: 0.718 Thread 0x0000021db32eac60 Thread added: 0x0000021db32eac60
Event: 0.718 Thread 0x0000021db32eeed0 Thread added: 0x0000021db32eeed0
Event: 2.574 Thread 0x0000021db3549010 Thread added: 0x0000021db3549010
Event: 2.577 Thread 0x0000021db3557050 Thread added: 0x0000021db3557050
Event: 4.530 Thread 0x0000021db35d24d0 Thread added: 0x0000021db35d24d0
Event: 4.856 Thread 0x0000021db35d24d0 Thread exited: 0x0000021db35d24d0
Event: 31.286 Thread 0x0000021df919f9e0 Thread added: 0x0000021df919f9e0
Event: 31.358 Thread 0x0000021df9902210 Thread added: 0x0000021df9902210
Event: 35.840 Thread 0x0000021df9a131b0 Thread added: 0x0000021df9a131b0
Event: 36.409 Thread 0x0000021df9c6a010 Thread added: 0x0000021df9c6a010
Event: 36.516 Thread 0x0000021df9a131b0 Thread exited: 0x0000021df9a131b0
Event: 39.038 Thread 0x0000021df9a13880 Thread added: 0x0000021df9a13880
Event: 39.614 Thread 0x0000021df98c0cb0 Thread added: 0x0000021df98c0cb0
Event: 40.112 Thread 0x0000021df98c0cb0 Thread exited: 0x0000021df98c0cb0
Event: 41.001 Thread 0x0000021df9c6a010 Thread exited: 0x0000021df9c6a010
Event: 42.259 Thread 0x0000021df9a13880 Thread exited: 0x0000021df9a13880
Event: 42.919 Thread 0x0000021df9a13f50 Thread added: 0x0000021df9a13f50
Event: 43.184 Thread 0x0000021df9a13f50 Thread exited: 0x0000021df9a13f50
Event: 43.934 Thread 0x0000021df9a11670 Thread added: 0x0000021df9a11670


Dynamic libraries:
0x00007ff719030000 - 0x00007ff719040000 	C:\Program Files\Java\jdk-21\bin\java.exe
0x00007ff86a980000 - 0x00007ff86abe8000 	C:\WINDOWS\SYSTEM32\ntdll.dll
0x00007ff869540000 - 0x00007ff869609000 	C:\WINDOWS\System32\KERNEL32.DLL
0x00007ff868290000 - 0x00007ff868682000 	C:\WINDOWS\System32\KERNELBASE.dll
0x00007ff867d70000 - 0x00007ff867ebb000 	C:\WINDOWS\System32\ucrtbase.dll
0x00007ff84e5f0000 - 0x00007ff84e60b000 	C:\Program Files\Java\jdk-21\bin\VCRUNTIME140.dll
0x00007ff862ce0000 - 0x00007ff862cf9000 	C:\Program Files\Java\jdk-21\bin\jli.dll
0x00007ff868bf0000 - 0x00007ff868ca4000 	C:\WINDOWS\System32\ADVAPI32.dll
0x00007ff869490000 - 0x00007ff869539000 	C:\WINDOWS\System32\msvcrt.dll
0x00007ff869ca0000 - 0x00007ff869d46000 	C:\WINDOWS\System32\sechost.dll
0x00007ff869b60000 - 0x00007ff869c78000 	C:\WINDOWS\System32\RPCRT4.dll
0x00007ff869ff0000 - 0x00007ff86a1b5000 	C:\WINDOWS\System32\USER32.dll
0x00007ff867d40000 - 0x00007ff867d67000 	C:\WINDOWS\System32\win32u.dll
0x00007ff849ed0000 - 0x00007ff84a163000 	C:\WINDOWS\WinSxS\amd64_microsoft.windows.common-controls_6595b64144ccf1df_6.0.26100.6899_none_3e0efeeae32e88c1\COMCTL32.dll
0x00007ff8692a0000 - 0x00007ff8692cb000 	C:\WINDOWS\System32\GDI32.dll
0x00007ff868160000 - 0x00007ff86828d000 	C:\WINDOWS\System32\gdi32full.dll
0x00007ff867c90000 - 0x00007ff867d33000 	C:\WINDOWS\System32\msvcp_win.dll
0x00007ff85fcf0000 - 0x00007ff85fcfb000 	C:\WINDOWS\SYSTEM32\VERSION.dll
0x00007ff869350000 - 0x00007ff86937f000 	C:\WINDOWS\System32\IMM32.DLL
0x00007ff84e5d0000 - 0x00007ff84e5dc000 	C:\Program Files\Java\jdk-21\bin\vcruntime140_1.dll
0x00007ff82ffa0000 - 0x00007ff83002e000 	C:\Program Files\Java\jdk-21\bin\msvcp140.dll
0x00007fffe06f0000 - 0x00007fffe140d000 	C:\Program Files\Java\jdk-21\bin\server\jvm.dll
0x00007ff8692d0000 - 0x00007ff869344000 	C:\WINDOWS\System32\WS2_32.dll
0x00007ff867970000 - 0x00007ff8679ce000 	C:\WINDOWS\SYSTEM32\POWRPROF.dll
0x00007ff851b50000 - 0x00007ff851b85000 	C:\WINDOWS\SYSTEM32\WINMM.dll
0x00007ff867950000 - 0x00007ff867964000 	C:\WINDOWS\SYSTEM32\UMPDC.dll
0x00007ff8668a0000 - 0x00007ff8668bb000 	C:\WINDOWS\SYSTEM32\kernel.appcore.dll
0x00007ff84e5c0000 - 0x00007ff84e5ca000 	C:\Program Files\Java\jdk-21\bin\jimage.dll
0x00007ff85fe00000 - 0x00007ff860042000 	C:\WINDOWS\SYSTEM32\DBGHELP.DLL
0x00007ff869680000 - 0x00007ff8699fb000 	C:\WINDOWS\System32\combase.dll
0x00007ff868b10000 - 0x00007ff868be7000 	C:\WINDOWS\System32\OLEAUT32.dll
0x00007ff84a170000 - 0x00007ff84a1ac000 	C:\WINDOWS\SYSTEM32\dbgcore.DLL
0x00007ff868030000 - 0x00007ff8680c8000 	C:\WINDOWS\System32\bcryptPrimitives.dll
0x00007ff84bd00000 - 0x00007ff84bd1f000 	C:\Program Files\Java\jdk-21\bin\java.dll
0x00007ff86a1c0000 - 0x00007ff86a90d000 	C:\WINDOWS\System32\SHELL32.dll
0x00007ff867ec0000 - 0x00007ff86802b000 	C:\WINDOWS\System32\wintypes.dll
0x00007ff865740000 - 0x00007ff865f9d000 	C:\WINDOWS\SYSTEM32\windows.storage.dll
0x00007ff868a10000 - 0x00007ff868b02000 	C:\WINDOWS\System32\SHCORE.dll
0x00007ff869610000 - 0x00007ff869672000 	C:\WINDOWS\System32\shlwapi.dll
0x00007ff867a30000 - 0x00007ff867a59000 	C:\WINDOWS\SYSTEM32\profapi.dll
0x00007ff83d2d0000 - 0x00007ff83d3a7000 	C:\Program Files\Java\jdk-21\bin\jsvml.dll
0x00007ff84bcf0000 - 0x00007ff84bd00000 	C:\Program Files\Java\jdk-21\bin\net.dll
0x00007ff860500000 - 0x00007ff86061f000 	C:\WINDOWS\SYSTEM32\WINHTTP.dll
0x00007ff866df0000 - 0x00007ff866e5b000 	C:\WINDOWS\system32\mswsock.dll
0x00007ff83d2b0000 - 0x00007ff83d2c6000 	C:\Program Files\Java\jdk-21\bin\nio.dll
0x00007ff83d290000 - 0x00007ff83d2a8000 	C:\Program Files\Java\jdk-21\bin\zip.dll
0x00007ff862f00000 - 0x00007ff862f0a000 	C:\Program Files\Java\jdk-21\bin\management.dll
0x00007ff862ef0000 - 0x00007ff862efb000 	C:\Program Files\Java\jdk-21\bin\management_ext.dll
0x00007ff868800000 - 0x00007ff868808000 	C:\WINDOWS\System32\PSAPI.DLL
0x00007ff851db0000 - 0x00007ff851dbe000 	C:\Program Files\Java\jdk-21\bin\sunmscapi.dll
0x00007ff867b10000 - 0x00007ff867c87000 	C:\WINDOWS\System32\CRYPT32.dll
0x00007ff867320000 - 0x00007ff867350000 	C:\WINDOWS\SYSTEM32\ncrypt.dll
0x00007ff8672d0000 - 0x00007ff86730f000 	C:\WINDOWS\SYSTEM32\NTASN1.dll

dbghelp: loaded successfully - version: 4.0.5 - missing functions: none
symbol engine: initialized successfully - sym options: 0x614 - pdb path: .;C:\Program Files\Java\jdk-21\bin;C:\WINDOWS\SYSTEM32;C:\WINDOWS\WinSxS\amd64_microsoft.windows.common-controls_6595b64144ccf1df_6.0.26100.6899_none_3e0efeeae32e88c1;C:\Program Files\Java\jdk-21\bin\server

VM Arguments:
jvm_args: -Dfile.encoding=UTF-8 
java_command: com.example.SnapCart.SnapCartApplication
java_class_path (initial): D:\New folder (2)\snap_cart\E_commerce_web_application\snap_cart-master\Backend\SnapCart\target\classes;C:\Users\SMM\.m2\repository\org\springframework\boot\spring-boot-starter-data-jpa\3.5.6\spring-boot-starter-data-jpa-3.5.6.jar;C:\Users\SMM\.m2\repository\org\springframework\boot\spring-boot-starter-jdbc\3.5.6\spring-boot-starter-jdbc-3.5.6.jar;C:\Users\SMM\.m2\repository\com\zaxxer\HikariCP\6.3.3\HikariCP-6.3.3.jar;C:\Users\SMM\.m2\repository\org\springframework\spring-jdbc\6.2.11\spring-jdbc-6.2.11.jar;C:\Users\SMM\.m2\repository\org\hibernate\orm\hibernate-core\6.6.29.Final\hibernate-core-6.6.29.Final.jar;C:\Users\SMM\.m2\repository\jakarta\persistence\jakarta.persistence-api\3.1.0\jakarta.persistence-api-3.1.0.jar;C:\Users\SMM\.m2\repository\jakarta\transaction\jakarta.transaction-api\2.0.1\jakarta.transaction-api-2.0.1.jar;C:\Users\SMM\.m2\repository\org\jboss\logging\jboss-logging\3.6.1.Final\jboss-logging-3.6.1.Final.jar;C:\Users\SMM\.m2\repository\org\hibernate\common\hibernate-commons-annotations\7.0.3.Final\hibernate-commons-annotations-7.0.3.Final.jar;C:\Users\SMM\.m2\repository\io\smallrye\jandex\3.2.0\jandex-3.2.0.jar;C:\Users\SMM\.m2\repository\com\fasterxml\classmate\1.7.0\classmate-1.7.0.jar;C:\Users\SMM\.m2\repository\net\bytebuddy\byte-buddy\1.17.7\byte-buddy-1.17.7.jar;C:\Users\SMM\.m2\repository\org\glassfish\jaxb\jaxb-runtime\4.0.5\jaxb-runtime-4.0.5.jar;C:\Users\SMM\.m2\repository\org\glassfish\jaxb\jaxb-core\4.0.5\jaxb-core-4.0.5.jar;C:\Users\SMM\.m2\repository\org\eclipse\angus\angus-activation\2.0.2\angus-activation-2.0.2.jar;C:\Users\SMM\.m2\repository\org\glassfish\jaxb\txw2\4.0.5\txw2-4.0.5.jar;C:\Users\SMM\.m2\repository\com\sun\istack\istack-commons-runtime\4.1.2\istack-commons-runtime-4.1.2.jar;C:\Users\SMM\.m2\repository\jakarta\inject\jakarta.inject-api\2.0.1\jakarta.inject-api-2.0.1.jar;C:\Users\SMM\.m2\repository\org\antlr\antlr4-runtime\4.13.0\antlr4-runtime-4.13.0.jar;C:\Users\SMM\.m2\repository\org\springframework\data\spring-data-jpa\3.5.4\spring-data-jpa-3.5.4.jar;C:\Users\SMM\.m2\repository\org\springframework\data\spring-data-commons\3.5.4\spring-data-commons-3.5.4.jar;C:\Users\SMM\.m2\repository\org\springframework\spring-orm\6.2.11\spring-orm-6.2.11.jar;C:\Users\SMM\.m2\repository\org\springframework\spring-context\6.2.11\spring-context-6.2.11.jar;C:\Users\SMM\.m2\repository\org\springframework\spring-aop\6.2.11\spring-aop-6.2.11.jar;C:\Users\SMM\.m2\repository\org\springframework\spring-tx\6.2.11\spring-tx-6.2.11.jar;C:\Users\SMM\.m2\repository\org\springframework\spring-beans\6.2.11\spring-beans-6.2.11.jar;C:\Users\SMM\.m2\repository\org\slf4j\slf4j-api\2.0.17\slf4j-api-2.0.17.jar;C:\Users\SMM\.m2\repository\org\springframework\spring-aspects\6.2.11\spring-aspects-6.2.11.jar;C:\Users\SMM\.m2\repository\org\aspectj\aspectjweaver\1.9.24\aspectjweaver-1.9.24.jar;C:\Users\SMM\.m2\repository\org\springframework\boot\spring-boot-starter-data-mongodb\3.5.6\spring-boot-starter-data-mongodb-3.5.6.jar;C:\Users\SMM\.m2\repository\org\mongodb\mongodb-driver-sync\5.5.1\mongodb-driver-sync-5.5.1.jar;C:\Users\SMM\.m2\repository\org\mongodb\bson\5.5.1\bson-5.5.1.jar;C:\Users\SMM\.m2\repository\org\mongodb\mongodb-driver-core\5.5.1\mongodb-driver-core-5.5.1.jar;C:\Users\SMM\.m2\repository\org\mongodb\bson-record-codec\5.5.1\bson-record-codec-5.5.1.jar;C:\Users\SMM\.m2\repository\org\springframework\data\spring-data-mongodb\4.5.4\spring-data-mongodb-4.5.4.jar;C:\Users\SMM\.m2\repository\org\springframework\spring-expression\6.2.11\spring-expression-6.2.11.jar;C:\Users\SMM\.m2\repository\jakarta\xml\bind\jakarta.xml.bind-api\4.0.2\jakarta.xml.bind-api-4.0.2.jar;C:\Users\SMM\.m2\repository\jakarta\activation\jakarta.activation-api\2.1.4\jakarta.activation-api-2.1.4.jar;C:\Users\SMM\.m2\repository\org\springframework\spring-core\6.2.11\spring-core-6.2.11.jar;C:\Users\SMM\.m2\repository\org\springframework\spring-jcl\6.2.11\spring-jcl-6.2.11.jar;C:\Users\SMM\.m2\repository\org\springframework\boot\spring-boot-starter-validation\3.5.6\spring-boot-starter-validation-3.5.6.jar;C:\Users\SMM\.m2\repository\org\apache\tomcat\embed\tomcat-embed-el\10.1.46\tomcat-embed-el-10.1.46.jar;C:\Users\SMM\.m2\repository\org\hibernate\validator\hibernate-validator\8.0.3.Final\hibernate-validator-8.0.3.Final.jar;C:\Users\SMM\.m2\repository\jakarta\validation\jakarta.validation-api\3.0.2\jakarta.validation-api-3.0.2.jar;C:\Users\SMM\.m2\repository\org\springframework\boot\spring-boot-starter-web\3.5.6\spring-boot-starter-web-3.5.6.jar;C:\Users\SMM\.m2\repository\org\springframework\boot\spring-boot-starter-json\3.5.6\spring-boot-starter-json-3.5.6.jar;C:\Users\SMM\.m2\repository\com\fasterxml\jackson\datatype\jackson-datatype-jdk8\2.19.2\jackson-datatype-jdk8-2.19.2.jar;C:\Users\SMM\.m2\repository\com\fasterxml\jackson\datatype\jackson-datatype-jsr310\2.19.2\jackson-datatype-jsr310-2.19.2.jar;C:\Users\SMM\.m2\repository\org\springframework\boot\spring-boot-starter-tomcat\3.5.6\spring-boot-starter-tomcat-3.5.6.jar;C:\Users\SMM\.m2\repository\org\apache\tomcat\embed\tomcat-embed-core\10.1.46\tomcat-embed-core-10.1.46.jar;C:\Users\SMM\.m2\repository\org\apache\tomcat\embed\tomcat-embed-websocket\10.1.46\tomcat-embed-websocket-10.1.46.jar;C:\Users\SMM\.m2\repository\org\springframework\spring-web\6.2.11\spring-web-6.2.11.jar;C:\Users\SMM\.m2\repository\io\micrometer\micrometer-observation\1.15.4\micrometer-observation-1.15.4.jar;C:\Users\SMM\.m2\repository\io\micrometer\micrometer-commons\1.15.4\micrometer-commons-1.15.4.jar;C:\Users\SMM\.m2\repository\org\springframework\spring-webmvc\6.2.11\spring-webmvc-6.2.11.jar;C:\Users\SMM\.m2\repository\org\springframework\ai\spring-ai-starter-vector-store-mongodb-atlas\1.0.2\spring-ai-starter-vector-store-mongodb-atlas-1.0.2.jar;C:\Users\SMM\.m2\repository\org\springframework\ai\spring-ai-autoconfigure-vector-store-mongodb-atlas\1.0.2\spring-ai-autoconfigure-vector-store-mongodb-atlas-1.0.2.jar;C:\Users\SMM\.m2\repository\org\springframework\ai\spring-ai-autoconfigure-vector-store-observation\1.0.2\spring-ai-autoconfigure-vector-store-observation-1.0.2.jar;C:\Users\SMM\.m2\repository\org\springframework\ai\spring-ai-vector-store\1.0.2\spring-ai-vector-store-1.0.2.jar;C:\Users\SMM\.m2\repository\org\springframework\ai\spring-ai-model\1.0.2\spring-ai-model-1.0.2.jar;C:\Users\SMM\.m2\repository\org\springframework\ai\spring-ai-commons\1.0.2\spring-ai-commons-1.0.2.jar;C:\Users\SMM\.m2\repository\io\micrometer\micrometer-core\1.15.4\micrometer-core-1.15.4.jar;C:\Users\SMM\.m2\repository\org\hdrhistogram\HdrHistogram\2.2.2\HdrHistogram-2.2.2.jar;C:\Users\SMM\.m2\repository\org\latencyutils\LatencyUtils\2.0.3\LatencyUtils-2.0.3.jar;C:\Users\SMM\.m2\repository\io\micrometer\context-propagation\1.1.3\context-propagation-1.1.3.jar;C:\Users\SMM\.m2\repository\com\fasterxml\jackson\module\jackson-module-jsonSchema\2.19.2\jackson-module-jsonSchema-2.19.2.jar;C:\Users\SMM\.m2\repository\javax\validation\validation-api\1.1.0.Final\validation-api-1.1.0.Final.jar;C:\Users\SMM\.m2\repository\com\knuddels\jtokkit\1.1.0\jtokkit-1.1.0.jar;C:\Users\SMM\.m2\repository\org\springframework\ai\spring-ai-template-st\1.0.2\spring-ai-template-st-1.0.2.jar;C:\Users\SMM\.m2\repository\org\antlr\ST4\4.3.4\ST4-4.3.4.jar;C:\Users\SMM\.m2\repository\org\antlr\antlr-runtime\3.5.3\antlr-runtime-3.5.3.jar;C:\Users\SMM\.m2\repository\org\springframework\spring-messaging\6.2.11\spring-messaging-6.2.11.jar;C:\Users\SMM\.m2\repository\io\projectreactor\reactor-core\3.7.11\reactor-core-3.7.11.jar;C:\Users\SMM\.m2\repository\org\reactivestreams\reactive-streams\1.0.4\reactive-streams-1.0.4.jar;C:\Users\SMM\.m2\repository\com\github\victools\jsonschema-generator\4.37.0\jsonschema-generator-4.37.0.jar;C:\Users\SMM\.m2\repository\com\github\victools\jsonschema-module-jackson\4.37.0\jsonschema-module-jackson-4.37.0.jar;C:\Users\SMM\.m2\repository\com\github\victools\jsonschema-module-swagger-2\4.37.0\jsonschema-module-swagger-2-4.37.0.jar;C:\Users\SMM\.m2\repository\io\swagger\core\v3\swagger-annotations-jakarta\2.2.30\swagger-annotations-jakarta-2.2.30.jar;C:\Users\SMM\.m2\repository\org\springframework\ai\spring-ai-mongodb-atlas-store\1.0.2\spring-ai-mongodb-atlas-store-1.0.2.jar;C:\Users\SMM\.m2\repository\org\springframework\boot\spring-boot-autoconfigure\3.5.6\spring-boot-autoconfigure-3.5.6.jar;C:\Users\SMM\.m2\repository\org\springframework\boot\spring-boot\3.5.6\spring-boot-3.5.6.jar;C:\Users\SMM\.m2\repository\org\springframework\boot\spring-boot-starter\3.5.6\spring-boot-starter-3.5.6.jar;C:\Users\SMM\.m2\repository\org\springframework\boot\spring-boot-starter-logging\3.5.6\spring-boot-starter-logging-3.5.6.jar;C:\Users\SMM\.m2\repository\ch\qos\logback\logback-classic\1.5.18\logback-classic-1.5.18.jar;C:\Users\SMM\.m2\repository\ch\qos\logback\logback-core\1.5.18\logback-core-1.5.18.jar;C:\Users\SMM\.m2\repository\org\apache\logging\log4j\log4j-to-slf4j\2.24.3\log4j-to-slf4j-2.24.3.jar;C:\Users\SMM\.m2\repository\org\apache\logging\log4j\log4j-api\2.24.3\log4j-api-2.24.3.jar;C:\Users\SMM\.m2\repository\org\slf4j\jul-to-slf4j\2.0.17\jul-to-slf4j-2.0.17.jar;C:\Users\SMM\.m2\repository\jakarta\annotation\jakarta.annotation-api\2.1.1\jakarta.annotation-api-2.1.1.jar;C:\Users\SMM\.m2\repository\org\yaml\snakeyaml\2.4\snakeyaml-2.4.jar;C:\Users\SMM\.m2\repository\org\springframework\boot\spring-boot-devtools\3.5.6\spring-boot-devtools-3.5.6.jar;C:\Users\SMM\.m2\repository\com\fasterxml\jackson\module\jackson-module-parameter-names\2.19.2\jackson-module-parameter-names-2.19.2.jar;C:\Users\SMM\.m2\repository\com\fasterxml\jackson\core\jackson-core\2.19.2\jackson-core-2.19.2.jar;C:\Users\SMM\.m2\repository\com\fasterxml\jackson\core\jackson-databind\2.19.2\jackson-databind-2.19.2.jar;C:\Users\SMM\.m2\repository\com\fasterxml\jackson\core\jackson-annotations\2.19.2\jackson-annotations-2.19.2.jar
Launcher Type: SUN_STANDARD

[Global flags]
     intx CICompilerCount                          = 4                                         {product} {ergonomic}
     uint ConcGCThreads                            = 2                                         {product} {ergonomic}
     uint G1ConcRefinementThreads                  = 8                                         {product} {ergonomic}
   size_t G1HeapRegionSize                         = 1048576                                   {product} {ergonomic}
    uintx GCDrainStackTargetSize                   = 64                                        {product} {ergonomic}
   size_t InitialHeapSize                          = 132120576                                 {product} {ergonomic}
   size_t MarkStackSize                            = 4194304                                   {product} {ergonomic}
   size_t MaxHeapSize                              = 2097152000                                {product} {ergonomic}
   size_t MaxNewSize                               = 1258291200                                {product} {ergonomic}
   size_t MinHeapDeltaBytes                        = 1048576                                   {product} {ergonomic}
   size_t MinHeapSize                              = 8388608                                   {product} {ergonomic}
    uintx NonNMethodCodeHeapSize                   = 5839372                                {pd product} {ergonomic}
    uintx NonProfiledCodeHeapSize                  = 122909434                              {pd product} {ergonomic}
    uintx ProfiledCodeHeapSize                     = 122909434                              {pd product} {ergonomic}
    uintx ReservedCodeCacheSize                    = 251658240                              {pd product} {ergonomic}
     bool SegmentedCodeCache                       = true                                      {product} {ergonomic}
   size_t SoftMaxHeapSize                          = 2097152000                             {manageable} {ergonomic}
     bool UseCompressedOops                        = true                           {product lp64_product} {ergonomic}
     bool UseG1GC                                  = true                                      {product} {ergonomic}
     bool UseLargePagesIndividualAllocation        = false                                  {pd product} {ergonomic}

Logging:
Log output configuration:
 #0: stdout all=warning uptime,level,tags foldmultilines=false
 #1: stderr all=off uptime,level,tags foldmultilines=false

Environment Variables:
JAVA_HOME=C:\Program Files\Java\jdk-21
PATH=C:\Program Files\Common Files\Oracle\Java\javapath;C:\WINDOWS\system32;C:\WINDOWS;C:\WINDOWS\System32\Wbem;C:\WINDOWS\System32\WindowsPowerShell\v1.0\;C:\WINDOWS\System32\OpenSSH\;C:\Program Files\Java\jdk-21\bin;C:\ProgramData\chocolatey\bin;C:\Program Files\nodejs\;C:\Program Files\MongoDB\Server\7.0\bin;C:\Program Files\Git\cmd;C:\Program Files\dotnet\;C:\Program Files\Java\jdk-21;C:\Program Files\Java\jdk-17\;C:\Program Files\MySQL\MySQL Shell 8.0\bin\;C:\Users\SMM\AppData\Local\Microsoft\WindowsApps;C:\Users\SMM\AppData\Local\Programs\Microsoft VS Code\bin;C:\Users\SMM\AppData\Roaming\npm;C:\Program Files\MongoDB\Server\7.0\bin;C:\Users\SMM\AppData\Local\GitHubDesktop\bin;;C:\Program Files\JetBrains\IntelliJ IDEA 2025.1.2\bin;;C:\Program Files\JetBrains\IntelliJ IDEA Community Edition 2025.1.2\bin;
USERNAME=SMM
OS=Windows_NT
PROCESSOR_IDENTIFIER=Intel64 Family 6 Model 142 Stepping 12, GenuineIntel
TMP=C:\Users\SMM\AppData\Local\Temp
TEMP=C:\Users\SMM\AppData\Local\Temp




Periodic native trim disabled

---------------  S Y S T E M  ---------------

OS:
 Windows 11 , 64 bit Build 26100 (10.0.26100.6725)
OS uptime: 0 days 6:07 hours
Hyper-V role detected

CPU: total 8 (initial active 8) (4 cores per cpu, 2 threads per core) family 6 model 142 stepping 12 microcode 0x100, cx8, cmov, fxsr, ht, mmx, 3dnowpref, sse, sse2, sse3, ssse3, sse4.1, sse4.2, popcnt, lzcnt, tsc, tscinvbit, avx, avx2, aes, erms, clmul, bmi1, bmi2, adx, fma, vzeroupper, clflush, clflushopt, hv, rdtscp, f16c
Processor Information for processor 0
  Max Mhz: 1896, Current Mhz: 1596, Mhz Limit: 1592
Processor Information for processor 1
  Max Mhz: 1896, Current Mhz: 1596, Mhz Limit: 1592
Processor Information for processor 2
  Max Mhz: 1896, Current Mhz: 1596, Mhz Limit: 1592
Processor Information for processor 3
  Max Mhz: 1896, Current Mhz: 1496, Mhz Limit: 1592
Processor Information for processor 4
  Max Mhz: 1896, Current Mhz: 1596, Mhz Limit: 1592
Processor Information for processor 5
  Max Mhz: 1896, Current Mhz: 1596, Mhz Limit: 1592
Processor Information for processor 6
  Max Mhz: 1896, Current Mhz: 1596, Mhz Limit: 1592
Processor Information for processor 7
  Max Mhz: 1896, Current Mhz: 1496, Mhz Limit: 1592

Memory: 4k page, system-wide physical 7998M (628M free)
TotalPageFile size 23895M (AvailPageFile size 88M)
current process WorkingSet (physical memory assigned to process): 148M, peak: 151M
current process commit charge ("private bytes"): 198M, peak: 263M

vm_info: Java HotSpot(TM) 64-Bit Server VM (21.0.8+12-LTS-250) for windows-amd64 JRE (21.0.8+12-LTS-250), built on 2025-06-27T08:11:22Z by "mach5one" with MS VC++ 17.6 (VS2022)

END.
